<?xml version="1.0" encoding="ISO-8859-1" ?>
<link_info>
   <banner>MSP430 Linker PC v21.6.1.LTS</banner>
   <copyright>Copyright (c) 2003-2018 Texas Instruments Incorporated</copyright>
   <link_time>0x681b8268</link_time>
   <link_errors>0x0</link_errors>
   <output_file>ProtocolDyn.out</output_file>
   <entry_point>
      <name>_c_int00_noargs_mpu</name>
      <address>0x6084</address>
   </entry_point>
   <input_file_list>
      <input_file id="fl-2">
         <path>.\</path>
         <kind>object</kind>
         <file>main.obj</file>
         <name>main.obj</name>
      </input_file>
      <input_file id="fl-3">
         <path>.\src\</path>
         <kind>object</kind>
         <file>DynamentComms.obj</file>
         <name>DynamentComms.obj</name>
      </input_file>
      <input_file id="fl-4">
         <path>.\src\</path>
         <kind>object</kind>
         <file>ModbusComms.obj</file>
         <name>ModbusComms.obj</name>
      </input_file>
      <input_file id="fl-5">
         <path>.\src\</path>
         <kind>object</kind>
         <file>comms.obj</file>
         <name>comms.obj</name>
      </input_file>
      <input_file id="fl-6">
         <path>.\src\</path>
         <kind>object</kind>
         <file>studiolib.obj</file>
         <name>studiolib.obj</name>
      </input_file>
      <input_file id="fl-7">
         <path>.\src\</path>
         <kind>object</kind>
         <file>uart.obj</file>
         <name>uart.obj</name>
      </input_file>
      <input_file id="fl-e">
         <kind>object</kind>
         <file>&lt;internal&gt;</file>
         <name>&lt;internal&gt;</name>
      </input_file>
      <input_file id="fl-2e">
         <path>C:\ti\ccs1271\ccs\tools\compiler\ti-cgt-msp430_21.6.1.LTS\lib\</path>
         <kind>archive</kind>
         <file>rts430x_lc_rd_eabi.lib</file>
         <name>copy_decompress_lzss.c.obj</name>
      </input_file>
      <input_file id="fl-2f">
         <path>C:\ti\ccs1271\ccs\tools\compiler\ti-cgt-msp430_21.6.1.LTS\lib\</path>
         <kind>archive</kind>
         <file>rts430x_lc_rd_eabi.lib</file>
         <name>copy_decompress_none.c.obj</name>
      </input_file>
      <input_file id="fl-30">
         <path>C:\ti\ccs1271\ccs\tools\compiler\ti-cgt-msp430_21.6.1.LTS\lib\</path>
         <kind>archive</kind>
         <file>rts430x_lc_rd_eabi.lib</file>
         <name>int16.asm.obj</name>
      </input_file>
      <input_file id="fl-31">
         <path>C:\ti\ccs1271\ccs\tools\compiler\ti-cgt-msp430_21.6.1.LTS\lib\</path>
         <kind>archive</kind>
         <file>rts430x_lc_rd_eabi.lib</file>
         <name>isr_trap.asm.obj</name>
      </input_file>
      <input_file id="fl-32">
         <path>C:\ti\ccs1271\ccs\tools\compiler\ti-cgt-msp430_21.6.1.LTS\lib\</path>
         <kind>archive</kind>
         <file>rts430x_lc_rd_eabi.lib</file>
         <name>int17.asm.obj</name>
      </input_file>
      <input_file id="fl-33">
         <path>C:\ti\ccs1271\ccs\tools\compiler\ti-cgt-msp430_21.6.1.LTS\lib\</path>
         <kind>archive</kind>
         <file>rts430x_lc_rd_eabi.lib</file>
         <name>int18.asm.obj</name>
      </input_file>
      <input_file id="fl-34">
         <path>C:\ti\ccs1271\ccs\tools\compiler\ti-cgt-msp430_21.6.1.LTS\lib\</path>
         <kind>archive</kind>
         <file>rts430x_lc_rd_eabi.lib</file>
         <name>int19.asm.obj</name>
      </input_file>
      <input_file id="fl-35">
         <path>C:\ti\ccs1271\ccs\tools\compiler\ti-cgt-msp430_21.6.1.LTS\lib\</path>
         <kind>archive</kind>
         <file>rts430x_lc_rd_eabi.lib</file>
         <name>int20.asm.obj</name>
      </input_file>
      <input_file id="fl-36">
         <path>C:\ti\ccs1271\ccs\tools\compiler\ti-cgt-msp430_21.6.1.LTS\lib\</path>
         <kind>archive</kind>
         <file>rts430x_lc_rd_eabi.lib</file>
         <name>int21.asm.obj</name>
      </input_file>
      <input_file id="fl-37">
         <path>C:\ti\ccs1271\ccs\tools\compiler\ti-cgt-msp430_21.6.1.LTS\lib\</path>
         <kind>archive</kind>
         <file>rts430x_lc_rd_eabi.lib</file>
         <name>int22.asm.obj</name>
      </input_file>
      <input_file id="fl-38">
         <path>C:\ti\ccs1271\ccs\tools\compiler\ti-cgt-msp430_21.6.1.LTS\lib\</path>
         <kind>archive</kind>
         <file>rts430x_lc_rd_eabi.lib</file>
         <name>int23.asm.obj</name>
      </input_file>
      <input_file id="fl-39">
         <path>C:\ti\ccs1271\ccs\tools\compiler\ti-cgt-msp430_21.6.1.LTS\lib\</path>
         <kind>archive</kind>
         <file>rts430x_lc_rd_eabi.lib</file>
         <name>int25.asm.obj</name>
      </input_file>
      <input_file id="fl-3a">
         <path>C:\ti\ccs1271\ccs\tools\compiler\ti-cgt-msp430_21.6.1.LTS\lib\</path>
         <kind>archive</kind>
         <file>rts430x_lc_rd_eabi.lib</file>
         <name>int26.asm.obj</name>
      </input_file>
      <input_file id="fl-3b">
         <path>C:\ti\ccs1271\ccs\tools\compiler\ti-cgt-msp430_21.6.1.LTS\lib\</path>
         <kind>archive</kind>
         <file>rts430x_lc_rd_eabi.lib</file>
         <name>int27.asm.obj</name>
      </input_file>
      <input_file id="fl-3c">
         <path>C:\ti\ccs1271\ccs\tools\compiler\ti-cgt-msp430_21.6.1.LTS\lib\</path>
         <kind>archive</kind>
         <file>rts430x_lc_rd_eabi.lib</file>
         <name>int28.asm.obj</name>
      </input_file>
      <input_file id="fl-3d">
         <path>C:\ti\ccs1271\ccs\tools\compiler\ti-cgt-msp430_21.6.1.LTS\lib\</path>
         <kind>archive</kind>
         <file>rts430x_lc_rd_eabi.lib</file>
         <name>int29.asm.obj</name>
      </input_file>
      <input_file id="fl-3e">
         <path>C:\ti\ccs1271\ccs\tools\compiler\ti-cgt-msp430_21.6.1.LTS\lib\</path>
         <kind>archive</kind>
         <file>rts430x_lc_rd_eabi.lib</file>
         <name>int30.asm.obj</name>
      </input_file>
      <input_file id="fl-3f">
         <path>C:\ti\ccs1271\ccs\tools\compiler\ti-cgt-msp430_21.6.1.LTS\lib\</path>
         <kind>archive</kind>
         <file>rts430x_lc_rd_eabi.lib</file>
         <name>int32.asm.obj</name>
      </input_file>
      <input_file id="fl-40">
         <path>C:\ti\ccs1271\ccs\tools\compiler\ti-cgt-msp430_21.6.1.LTS\lib\</path>
         <kind>archive</kind>
         <file>rts430x_lc_rd_eabi.lib</file>
         <name>int33.asm.obj</name>
      </input_file>
      <input_file id="fl-41">
         <path>C:\ti\ccs1271\ccs\tools\compiler\ti-cgt-msp430_21.6.1.LTS\lib\</path>
         <kind>archive</kind>
         <file>rts430x_lc_rd_eabi.lib</file>
         <name>int34.asm.obj</name>
      </input_file>
      <input_file id="fl-42">
         <path>C:\ti\ccs1271\ccs\tools\compiler\ti-cgt-msp430_21.6.1.LTS\lib\</path>
         <kind>archive</kind>
         <file>rts430x_lc_rd_eabi.lib</file>
         <name>int35.asm.obj</name>
      </input_file>
      <input_file id="fl-43">
         <path>C:\ti\ccs1271\ccs\tools\compiler\ti-cgt-msp430_21.6.1.LTS\lib\</path>
         <kind>archive</kind>
         <file>rts430x_lc_rd_eabi.lib</file>
         <name>int36.asm.obj</name>
      </input_file>
      <input_file id="fl-44">
         <path>C:\ti\ccs1271\ccs\tools\compiler\ti-cgt-msp430_21.6.1.LTS\lib\</path>
         <kind>archive</kind>
         <file>rts430x_lc_rd_eabi.lib</file>
         <name>int37.asm.obj</name>
      </input_file>
      <input_file id="fl-45">
         <path>C:\ti\ccs1271\ccs\tools\compiler\ti-cgt-msp430_21.6.1.LTS\lib\</path>
         <kind>archive</kind>
         <file>rts430x_lc_rd_eabi.lib</file>
         <name>int38.asm.obj</name>
      </input_file>
      <input_file id="fl-46">
         <path>C:\ti\ccs1271\ccs\tools\compiler\ti-cgt-msp430_21.6.1.LTS\lib\</path>
         <kind>archive</kind>
         <file>rts430x_lc_rd_eabi.lib</file>
         <name>int39.asm.obj</name>
      </input_file>
      <input_file id="fl-47">
         <path>C:\ti\ccs1271\ccs\tools\compiler\ti-cgt-msp430_21.6.1.LTS\lib\</path>
         <kind>archive</kind>
         <file>rts430x_lc_rd_eabi.lib</file>
         <name>int40.asm.obj</name>
      </input_file>
      <input_file id="fl-48">
         <path>C:\ti\ccs1271\ccs\tools\compiler\ti-cgt-msp430_21.6.1.LTS\lib\</path>
         <kind>archive</kind>
         <file>rts430x_lc_rd_eabi.lib</file>
         <name>int42.asm.obj</name>
      </input_file>
      <input_file id="fl-49">
         <path>C:\ti\ccs1271\ccs\tools\compiler\ti-cgt-msp430_21.6.1.LTS\lib\</path>
         <kind>archive</kind>
         <file>rts430x_lc_rd_eabi.lib</file>
         <name>int43.asm.obj</name>
      </input_file>
      <input_file id="fl-4a">
         <path>C:\ti\ccs1271\ccs\tools\compiler\ti-cgt-msp430_21.6.1.LTS\lib\</path>
         <kind>archive</kind>
         <file>rts430x_lc_rd_eabi.lib</file>
         <name>int44.asm.obj</name>
      </input_file>
      <input_file id="fl-4b">
         <path>C:\ti\ccs1271\ccs\tools\compiler\ti-cgt-msp430_21.6.1.LTS\lib\</path>
         <kind>archive</kind>
         <file>rts430x_lc_rd_eabi.lib</file>
         <name>int46.asm.obj</name>
      </input_file>
      <input_file id="fl-4c">
         <path>C:\ti\ccs1271\ccs\tools\compiler\ti-cgt-msp430_21.6.1.LTS\lib\</path>
         <kind>archive</kind>
         <file>rts430x_lc_rd_eabi.lib</file>
         <name>int47.asm.obj</name>
      </input_file>
      <input_file id="fl-4d">
         <path>C:\ti\ccs1271\ccs\tools\compiler\ti-cgt-msp430_21.6.1.LTS\lib\</path>
         <kind>archive</kind>
         <file>rts430x_lc_rd_eabi.lib</file>
         <name>int48.asm.obj</name>
      </input_file>
      <input_file id="fl-4e">
         <path>C:\ti\ccs1271\ccs\tools\compiler\ti-cgt-msp430_21.6.1.LTS\lib\</path>
         <kind>archive</kind>
         <file>rts430x_lc_rd_eabi.lib</file>
         <name>int50.asm.obj</name>
      </input_file>
      <input_file id="fl-4f">
         <path>C:\ti\ccs1271\ccs\tools\compiler\ti-cgt-msp430_21.6.1.LTS\lib\</path>
         <kind>archive</kind>
         <file>rts430x_lc_rd_eabi.lib</file>
         <name>int51.asm.obj</name>
      </input_file>
      <input_file id="fl-50">
         <path>C:\ti\ccs1271\ccs\tools\compiler\ti-cgt-msp430_21.6.1.LTS\lib\</path>
         <kind>archive</kind>
         <file>rts430x_lc_rd_eabi.lib</file>
         <name>int52.asm.obj</name>
      </input_file>
      <input_file id="fl-51">
         <path>C:\ti\ccs1271\ccs\tools\compiler\ti-cgt-msp430_21.6.1.LTS\lib\</path>
         <kind>archive</kind>
         <file>rts430x_lc_rd_eabi.lib</file>
         <name>int53.asm.obj</name>
      </input_file>
      <input_file id="fl-52">
         <path>C:\ti\ccs1271\ccs\tools\compiler\ti-cgt-msp430_21.6.1.LTS\lib\</path>
         <kind>archive</kind>
         <file>rts430x_lc_rd_eabi.lib</file>
         <name>int54.asm.obj</name>
      </input_file>
      <input_file id="fl-53">
         <path>C:\ti\ccs1271\ccs\tools\compiler\ti-cgt-msp430_21.6.1.LTS\lib\</path>
         <kind>archive</kind>
         <file>rts430x_lc_rd_eabi.lib</file>
         <name>copy_zero_init.c.obj</name>
      </input_file>
      <input_file id="fl-54">
         <path>C:\ti\ccs1271\ccs\tools\compiler\ti-cgt-msp430_21.6.1.LTS\lib\</path>
         <kind>archive</kind>
         <file>rts430x_lc_rd_eabi.lib</file>
         <name>fs_cmp.asm.obj</name>
      </input_file>
      <input_file id="fl-55">
         <path>C:\ti\ccs1271\ccs\tools\compiler\ti-cgt-msp430_21.6.1.LTS\lib\</path>
         <kind>archive</kind>
         <file>rts430x_lc_rd_eabi.lib</file>
         <name>cvtfd.c.obj</name>
      </input_file>
      <input_file id="fl-56">
         <path>C:\ti\ccs1271\ccs\tools\compiler\ti-cgt-msp430_21.6.1.LTS\lib\</path>
         <kind>archive</kind>
         <file>rts430x_lc_rd_eabi.lib</file>
         <name>div16s.asm.obj</name>
      </input_file>
      <input_file id="fl-57">
         <path>C:\ti\ccs1271\ccs\tools\compiler\ti-cgt-msp430_21.6.1.LTS\lib\</path>
         <kind>archive</kind>
         <file>rts430x_lc_rd_eabi.lib</file>
         <name>div16u.asm.obj</name>
      </input_file>
      <input_file id="fl-58">
         <path>C:\ti\ccs1271\ccs\tools\compiler\ti-cgt-msp430_21.6.1.LTS\lib\</path>
         <kind>archive</kind>
         <file>rts430x_lc_rd_eabi.lib</file>
         <name>fs_toi.asm.obj</name>
      </input_file>
      <input_file id="fl-59">
         <path>C:\ti\ccs1271\ccs\tools\compiler\ti-cgt-msp430_21.6.1.LTS\lib\</path>
         <kind>archive</kind>
         <file>rts430x_lc_rd_eabi.lib</file>
         <name>mult16_f5hw.asm.obj</name>
      </input_file>
      <input_file id="fl-5a">
         <path>C:\ti\ccs1271\ccs\tools\compiler\ti-cgt-msp430_21.6.1.LTS\lib\</path>
         <kind>archive</kind>
         <file>rts430x_lc_rd_eabi.lib</file>
         <name>mult32_f5hw.asm.obj</name>
      </input_file>
      <input_file id="fl-5b">
         <path>C:\ti\ccs1271\ccs\tools\compiler\ti-cgt-msp430_21.6.1.LTS\lib\</path>
         <kind>archive</kind>
         <file>rts430x_lc_rd_eabi.lib</file>
         <name>mult64_f5hw.asm.obj</name>
      </input_file>
      <input_file id="fl-5c">
         <path>C:\ti\ccs1271\ccs\tools\compiler\ti-cgt-msp430_21.6.1.LTS\lib\</path>
         <kind>archive</kind>
         <file>rts430x_lc_rd_eabi.lib</file>
         <name>mult1632_f5hw.asm.obj</name>
      </input_file>
      <input_file id="fl-5d">
         <path>C:\ti\ccs1271\ccs\tools\compiler\ti-cgt-msp430_21.6.1.LTS\lib\</path>
         <kind>archive</kind>
         <file>rts430x_lc_rd_eabi.lib</file>
         <name>mult3264_f5hw.asm.obj</name>
      </input_file>
      <input_file id="fl-5e">
         <path>C:\ti\ccs1271\ccs\tools\compiler\ti-cgt-msp430_21.6.1.LTS\lib\</path>
         <kind>archive</kind>
         <file>rts430x_lc_rd_eabi.lib</file>
         <name>lsl32.asm.obj</name>
      </input_file>
      <input_file id="fl-5f">
         <path>C:\ti\ccs1271\ccs\tools\compiler\ti-cgt-msp430_21.6.1.LTS\lib\</path>
         <kind>archive</kind>
         <file>rts430x_lc_rd_eabi.lib</file>
         <name>asr32.asm.obj</name>
      </input_file>
      <input_file id="fl-60">
         <path>C:\ti\ccs1271\ccs\tools\compiler\ti-cgt-msp430_21.6.1.LTS\lib\</path>
         <kind>archive</kind>
         <file>rts430x_lc_rd_eabi.lib</file>
         <name>lsr32.asm.obj</name>
      </input_file>
      <input_file id="fl-61">
         <path>C:\ti\ccs1271\ccs\tools\compiler\ti-cgt-msp430_21.6.1.LTS\lib\</path>
         <kind>archive</kind>
         <file>rts430x_lc_rd_eabi.lib</file>
         <name>lsr64.c.obj</name>
      </input_file>
      <input_file id="fl-62">
         <path>C:\ti\ccs1271\ccs\tools\compiler\ti-cgt-msp430_21.6.1.LTS\lib\</path>
         <kind>archive</kind>
         <file>rts430x_lc_rd_eabi.lib</file>
         <name>boot.c.obj</name>
      </input_file>
      <input_file id="fl-63">
         <path>C:\ti\ccs1271\ccs\ccs_base\msp430\lib\FR59xx\</path>
         <kind>archive</kind>
         <file>MSPMPU_INIT_LIB_CCS_msp430_large_code_restricted_data.lib</file>
         <name>mpu_init.o</name>
      </input_file>
      <input_file id="fl-64">
         <path>C:\ti\ccs1271\ccs\tools\compiler\ti-cgt-msp430_21.6.1.LTS\lib\</path>
         <kind>archive</kind>
         <file>rts430x_lc_rd_eabi.lib</file>
         <name>args_main.c.obj</name>
      </input_file>
      <input_file id="fl-65">
         <path>C:\ti\ccs1271\ccs\tools\compiler\ti-cgt-msp430_21.6.1.LTS\lib\</path>
         <kind>archive</kind>
         <file>rts430x_lc_rd_eabi.lib</file>
         <name>autoinit.c.obj</name>
      </input_file>
      <input_file id="fl-66">
         <path>C:\ti\ccs1271\ccs\tools\compiler\ti-cgt-msp430_21.6.1.LTS\lib\</path>
         <kind>archive</kind>
         <file>rts430x_lc_rd_eabi.lib</file>
         <name>startup.c.obj</name>
      </input_file>
      <input_file id="fl-67">
         <path>C:\ti\ccs1271\ccs\tools\compiler\ti-cgt-msp430_21.6.1.LTS\lib\</path>
         <kind>archive</kind>
         <file>rts430x_lc_rd_eabi.lib</file>
         <name>pre_init.c.obj</name>
      </input_file>
      <input_file id="fl-68">
         <path>C:\ti\ccs1271\ccs\tools\compiler\ti-cgt-msp430_21.6.1.LTS\lib\</path>
         <kind>archive</kind>
         <file>rts430x_lc_rd_eabi.lib</file>
         <name>cpy_tbl.c.obj</name>
      </input_file>
      <input_file id="fl-69">
         <path>C:\ti\ccs1271\ccs\tools\compiler\ti-cgt-msp430_21.6.1.LTS\lib\</path>
         <kind>archive</kind>
         <file>rts430x_lc_rd_eabi.lib</file>
         <name>mult16.asm.obj</name>
      </input_file>
      <input_file id="fl-6a">
         <path>C:\ti\ccs1271\ccs\tools\compiler\ti-cgt-msp430_21.6.1.LTS\lib\</path>
         <kind>archive</kind>
         <file>rts430x_lc_rd_eabi.lib</file>
         <name>exit.c.obj</name>
      </input_file>
      <input_file id="fl-6b">
         <path>C:\ti\ccs1271\ccs\tools\compiler\ti-cgt-msp430_21.6.1.LTS\lib\</path>
         <kind>archive</kind>
         <file>rts430x_lc_rd_eabi.lib</file>
         <name>exit_gvars.c.obj</name>
      </input_file>
      <input_file id="fl-6c">
         <path>C:\ti\ccs1271\ccs\tools\compiler\ti-cgt-msp430_21.6.1.LTS\lib\</path>
         <kind>archive</kind>
         <file>rts430x_lc_rd_eabi.lib</file>
         <name>_lock.c.obj</name>
      </input_file>
      <input_file id="fl-6d">
         <path>C:\ti\ccs1271\ccs\tools\compiler\ti-cgt-msp430_21.6.1.LTS\lib\</path>
         <kind>archive</kind>
         <file>rts430x_lc_rd_eabi.lib</file>
         <name>memcpy.c.obj</name>
      </input_file>
      <input_file id="fl-6e">
         <path>C:\ti\ccs1271\ccs\tools\compiler\ti-cgt-msp430_21.6.1.LTS\lib\</path>
         <kind>archive</kind>
         <file>rts430x_lc_rd_eabi.lib</file>
         <name>snprintf.c.obj</name>
      </input_file>
      <input_file id="fl-6f">
         <path>C:\ti\ccs1271\ccs\tools\compiler\ti-cgt-msp430_21.6.1.LTS\lib\</path>
         <kind>archive</kind>
         <file>rts430x_lc_rd_eabi.lib</file>
         <name>_printfi.c.obj</name>
      </input_file>
      <input_file id="fl-70">
         <path>C:\ti\ccs1271\ccs\tools\compiler\ti-cgt-msp430_21.6.1.LTS\lib\</path>
         <kind>archive</kind>
         <file>rts430x_lc_rd_eabi.lib</file>
         <name>_ltoa.c.obj</name>
      </input_file>
      <input_file id="fl-71">
         <path>C:\ti\ccs1271\ccs\tools\compiler\ti-cgt-msp430_21.6.1.LTS\lib\</path>
         <kind>archive</kind>
         <file>rts430x_lc_rd_eabi.lib</file>
         <name>cmpd.c.obj</name>
      </input_file>
      <input_file id="fl-72">
         <path>C:\ti\ccs1271\ccs\tools\compiler\ti-cgt-msp430_21.6.1.LTS\lib\</path>
         <kind>archive</kind>
         <file>rts430x_lc_rd_eabi.lib</file>
         <name>divd.c.obj</name>
      </input_file>
      <input_file id="fl-73">
         <path>C:\ti\ccs1271\ccs\tools\compiler\ti-cgt-msp430_21.6.1.LTS\lib\</path>
         <kind>archive</kind>
         <file>rts430x_lc_rd_eabi.lib</file>
         <name>frcdivd.c.obj</name>
      </input_file>
      <input_file id="fl-74">
         <path>C:\ti\ccs1271\ccs\tools\compiler\ti-cgt-msp430_21.6.1.LTS\lib\</path>
         <kind>archive</kind>
         <file>rts430x_lc_rd_eabi.lib</file>
         <name>div32s.asm.obj</name>
      </input_file>
      <input_file id="fl-75">
         <path>C:\ti\ccs1271\ccs\tools\compiler\ti-cgt-msp430_21.6.1.LTS\lib\</path>
         <kind>archive</kind>
         <file>rts430x_lc_rd_eabi.lib</file>
         <name>div32u.asm.obj</name>
      </input_file>
      <input_file id="fl-76">
         <path>C:\ti\ccs1271\ccs\tools\compiler\ti-cgt-msp430_21.6.1.LTS\lib\</path>
         <kind>archive</kind>
         <file>rts430x_lc_rd_eabi.lib</file>
         <name>div64u.c.obj</name>
      </input_file>
      <input_file id="fl-77">
         <path>C:\ti\ccs1271\ccs\tools\compiler\ti-cgt-msp430_21.6.1.LTS\lib\</path>
         <kind>archive</kind>
         <file>rts430x_lc_rd_eabi.lib</file>
         <name>fixdi.c.obj</name>
      </input_file>
      <input_file id="fl-78">
         <path>C:\ti\ccs1271\ccs\tools\compiler\ti-cgt-msp430_21.6.1.LTS\lib\</path>
         <kind>archive</kind>
         <file>rts430x_lc_rd_eabi.lib</file>
         <name>fixdli.c.obj</name>
      </input_file>
      <input_file id="fl-79">
         <path>C:\ti\ccs1271\ccs\tools\compiler\ti-cgt-msp430_21.6.1.LTS\lib\</path>
         <kind>archive</kind>
         <file>rts430x_lc_rd_eabi.lib</file>
         <name>fltid.c.obj</name>
      </input_file>
      <input_file id="fl-7a">
         <path>C:\ti\ccs1271\ccs\tools\compiler\ti-cgt-msp430_21.6.1.LTS\lib\</path>
         <kind>archive</kind>
         <file>rts430x_lc_rd_eabi.lib</file>
         <name>fltlid.c.obj</name>
      </input_file>
      <input_file id="fl-7b">
         <path>C:\ti\ccs1271\ccs\tools\compiler\ti-cgt-msp430_21.6.1.LTS\lib\</path>
         <kind>archive</kind>
         <file>rts430x_lc_rd_eabi.lib</file>
         <name>mpyd.c.obj</name>
      </input_file>
      <input_file id="fl-7c">
         <path>C:\ti\ccs1271\ccs\tools\compiler\ti-cgt-msp430_21.6.1.LTS\lib\</path>
         <kind>archive</kind>
         <file>rts430x_lc_rd_eabi.lib</file>
         <name>frcmpyd.c.obj</name>
      </input_file>
      <input_file id="fl-7d">
         <path>C:\ti\ccs1271\ccs\tools\compiler\ti-cgt-msp430_21.6.1.LTS\lib\</path>
         <kind>archive</kind>
         <file>rts430x_lc_rd_eabi.lib</file>
         <name>mult32.asm.obj</name>
      </input_file>
      <input_file id="fl-7e">
         <path>C:\ti\ccs1271\ccs\tools\compiler\ti-cgt-msp430_21.6.1.LTS\lib\</path>
         <kind>archive</kind>
         <file>rts430x_lc_rd_eabi.lib</file>
         <name>mult64.asm.obj</name>
      </input_file>
      <input_file id="fl-7f">
         <path>C:\ti\ccs1271\ccs\tools\compiler\ti-cgt-msp430_21.6.1.LTS\lib\</path>
         <kind>archive</kind>
         <file>rts430x_lc_rd_eabi.lib</file>
         <name>mult1632.asm.obj</name>
      </input_file>
      <input_file id="fl-80">
         <path>C:\ti\ccs1271\ccs\tools\compiler\ti-cgt-msp430_21.6.1.LTS\lib\</path>
         <kind>archive</kind>
         <file>rts430x_lc_rd_eabi.lib</file>
         <name>mult3264.asm.obj</name>
      </input_file>
      <input_file id="fl-81">
         <path>C:\ti\ccs1271\ccs\tools\compiler\ti-cgt-msp430_21.6.1.LTS\lib\</path>
         <kind>archive</kind>
         <file>rts430x_lc_rd_eabi.lib</file>
         <name>negd.c.obj</name>
      </input_file>
      <input_file id="fl-82">
         <path>C:\ti\ccs1271\ccs\tools\compiler\ti-cgt-msp430_21.6.1.LTS\lib\</path>
         <kind>archive</kind>
         <file>rts430x_lc_rd_eabi.lib</file>
         <name>lsl64.c.obj</name>
      </input_file>
      <input_file id="fl-83">
         <path>C:\ti\ccs1271\ccs\tools\compiler\ti-cgt-msp430_21.6.1.LTS\lib\</path>
         <kind>archive</kind>
         <file>rts430x_lc_rd_eabi.lib</file>
         <name>subd.c.obj</name>
      </input_file>
      <input_file id="fl-84">
         <path>C:\ti\ccs1271\ccs\tools\compiler\ti-cgt-msp430_21.6.1.LTS\lib\</path>
         <kind>archive</kind>
         <file>rts430x_lc_rd_eabi.lib</file>
         <name>addd.c.obj</name>
      </input_file>
      <input_file id="fl-85">
         <path>C:\ti\ccs1271\ccs\tools\compiler\ti-cgt-msp430_21.6.1.LTS\lib\</path>
         <kind>archive</kind>
         <file>rts430x_lc_rd_eabi.lib</file>
         <name>asr64.c.obj</name>
      </input_file>
      <input_file id="fl-86">
         <path>C:\ti\ccs1271\ccs\tools\compiler\ti-cgt-msp430_21.6.1.LTS\lib\</path>
         <kind>archive</kind>
         <file>rts430x_lc_rd_eabi.lib</file>
         <name>abs.c.obj</name>
      </input_file>
      <input_file id="fl-87">
         <path>C:\ti\ccs1271\ccs\tools\compiler\ti-cgt-msp430_21.6.1.LTS\lib\</path>
         <kind>archive</kind>
         <file>rts430x_lc_rd_eabi.lib</file>
         <name>atoi.c.obj</name>
      </input_file>
      <input_file id="fl-88">
         <path>C:\ti\ccs1271\ccs\tools\compiler\ti-cgt-msp430_21.6.1.LTS\lib\</path>
         <kind>archive</kind>
         <file>rts430x_lc_rd_eabi.lib</file>
         <name>ctype.c.obj</name>
      </input_file>
      <input_file id="fl-89">
         <path>C:\ti\ccs1271\ccs\tools\compiler\ti-cgt-msp430_21.6.1.LTS\lib\</path>
         <kind>archive</kind>
         <file>rts430x_lc_rd_eabi.lib</file>
         <name>errno.c.obj</name>
      </input_file>
      <input_file id="fl-8a">
         <path>C:\ti\ccs1271\ccs\tools\compiler\ti-cgt-msp430_21.6.1.LTS\lib\</path>
         <kind>archive</kind>
         <file>rts430x_lc_rd_eabi.lib</file>
         <name>s_frexp.c.obj</name>
      </input_file>
      <input_file id="fl-8b">
         <path>C:\ti\ccs1271\ccs\tools\compiler\ti-cgt-msp430_21.6.1.LTS\lib\</path>
         <kind>archive</kind>
         <file>rts430x_lc_rd_eabi.lib</file>
         <name>s_scalbn.c.obj</name>
      </input_file>
      <input_file id="fl-8c">
         <path>C:\ti\ccs1271\ccs\tools\compiler\ti-cgt-msp430_21.6.1.LTS\lib\</path>
         <kind>archive</kind>
         <file>rts430x_lc_rd_eabi.lib</file>
         <name>s_copysign.c.obj</name>
      </input_file>
      <input_file id="fl-8d">
         <path>C:\ti\ccs1271\ccs\tools\compiler\ti-cgt-msp430_21.6.1.LTS\lib\</path>
         <kind>archive</kind>
         <file>rts430x_lc_rd_eabi.lib</file>
         <name>memccpy.c.obj</name>
      </input_file>
      <input_file id="fl-8e">
         <path>C:\ti\ccs1271\ccs\tools\compiler\ti-cgt-msp430_21.6.1.LTS\lib\</path>
         <kind>archive</kind>
         <file>rts430x_lc_rd_eabi.lib</file>
         <name>memset.c.obj</name>
      </input_file>
      <input_file id="fl-8f">
         <path>C:\ti\ccs1271\ccs\tools\compiler\ti-cgt-msp430_21.6.1.LTS\lib\</path>
         <kind>archive</kind>
         <file>rts430x_lc_rd_eabi.lib</file>
         <name>strchr.c.obj</name>
      </input_file>
      <input_file id="fl-90">
         <path>C:\ti\ccs1271\ccs\tools\compiler\ti-cgt-msp430_21.6.1.LTS\lib\</path>
         <kind>archive</kind>
         <file>rts430x_lc_rd_eabi.lib</file>
         <name>strlen.c.obj</name>
      </input_file>
      <input_file id="fl-91">
         <path>C:\ti\ccs1271\ccs\tools\compiler\ti-cgt-msp430_21.6.1.LTS\lib\</path>
         <kind>archive</kind>
         <file>rts430x_lc_rd_eabi.lib</file>
         <name>toupper.c.obj</name>
      </input_file>
      <input_file id="fl-92">
         <path>C:\ti\ccs1271\ccs\tools\compiler\ti-cgt-msp430_21.6.1.LTS\lib\</path>
         <kind>archive</kind>
         <file>rts430x_lc_rd_eabi.lib</file>
         <name>wcslen.c.obj</name>
      </input_file>
   </input_file_list>
   <object_component_list>
      <object_component id="oc-cf8">
         <name>.cinit..data.load</name>
         <load_address>0x6502</load_address>
         <run_address>0x6502</run_address>
         <size>0xd</size>
      </object_component>
      <object_component id="oc-cf5">
         <name>__TI_handler_table</name>
         <load_address>0x6510</load_address>
         <run_address>0x6510</run_address>
         <size>0xc</size>
      </object_component>
      <object_component id="oc-cf7">
         <name>.cinit..bss.load</name>
         <load_address>0x651c</load_address>
         <run_address>0x651c</run_address>
         <size>0x6</size>
      </object_component>
      <object_component id="oc-cf6">
         <name>__TI_cinit_table</name>
         <load_address>0x6522</load_address>
         <run_address>0x6522</run_address>
         <size>0x10</size>
      </object_component>
      <object_component id="oc-c86">
         <name>.binit</name>
         <load_address>0x6000</load_address>
         <run_address>0x6000</run_address>
         <size>0x0</size>
      </object_component>
      <object_component id="oc-791">
         <name>.text:_isr:USCI_A2_ISR</name>
         <load_address>0x6000</load_address>
         <run_address>0x6000</run_address>
         <size>0x38</size>
         <input_file_ref idref="fl-5"/>
      </object_component>
      <object_component id="oc-797">
         <name>.text:_isr:Timer1_A0_ISR</name>
         <load_address>0x6038</load_address>
         <run_address>0x6038</run_address>
         <size>0x2a</size>
         <input_file_ref idref="fl-5"/>
      </object_component>
      <object_component id="oc-79d">
         <name>.text:_isr:Timer_A0_ISR</name>
         <load_address>0x6062</load_address>
         <run_address>0x6062</run_address>
         <size>0x22</size>
         <input_file_ref idref="fl-2"/>
      </object_component>
      <object_component id="oc-7d3">
         <name>.text:_isr:_c_int00_noargs_mpu</name>
         <load_address>0x6084</load_address>
         <run_address>0x6084</run_address>
         <size>0x20</size>
         <input_file_ref idref="fl-62"/>
      </object_component>
      <object_component id="oc-78c">
         <name>.text:_isr:__TI_ISR_TRAP</name>
         <load_address>0x60a4</load_address>
         <run_address>0x60a4</run_address>
         <size>0x8</size>
         <input_file_ref idref="fl-31"/>
      </object_component>
      <object_component id="oc-7a3">
         <name>.text:_isr:WDT_ISR</name>
         <load_address>0x60ac</load_address>
         <run_address>0x60ac</run_address>
         <size>0x4</size>
         <input_file_ref idref="fl-2"/>
      </object_component>
      <object_component id="oc-923">
         <name>.const:.string</name>
         <load_address>0x60b0</load_address>
         <run_address>0x60b0</run_address>
         <size>0x1e8</size>
         <input_file_ref idref="fl-3"/>
      </object_component>
      <object_component id="oc-853">
         <name>.const:.string</name>
         <load_address>0x6298</load_address>
         <run_address>0x6298</run_address>
         <size>0x114</size>
         <input_file_ref idref="fl-2"/>
      </object_component>
      <object_component id="oc-afc">
         <name>.const:.string:_ctypes_</name>
         <load_address>0x63ac</load_address>
         <run_address>0x63ac</run_address>
         <size>0x101</size>
         <input_file_ref idref="fl-88"/>
      </object_component>
      <object_component id="oc-aae">
         <name>.const:.string</name>
         <load_address>0x64ae</load_address>
         <run_address>0x64ae</run_address>
         <size>0x26</size>
         <input_file_ref idref="fl-6f"/>
      </object_component>
      <object_component id="oc-9b3">
         <name>.const:.string</name>
         <load_address>0x64d4</load_address>
         <run_address>0x64d4</run_address>
         <size>0x26</size>
         <input_file_ref idref="fl-7"/>
      </object_component>
      <object_component id="oc-99b">
         <name>.const:.string</name>
         <load_address>0x64fa</load_address>
         <run_address>0x64fa</run_address>
         <size>0x8</size>
         <input_file_ref idref="fl-6"/>
      </object_component>
      <object_component id="oc-c3a">
         <name>.text:__mspabi_addd</name>
         <load_address>0x10000</load_address>
         <run_address>0x10000</run_address>
         <size>0x72a</size>
         <input_file_ref idref="fl-84"/>
      </object_component>
      <object_component id="oc-c05">
         <name>.text:__TI_frcdivd</name>
         <load_address>0x1072a</load_address>
         <run_address>0x1072a</run_address>
         <size>0x468</size>
         <input_file_ref idref="fl-73"/>
      </object_component>
      <object_component id="oc-b5e">
         <name>.text:__mspabi_divull</name>
         <load_address>0x10b92</load_address>
         <run_address>0x10b92</run_address>
         <size>0x34e</size>
         <input_file_ref idref="fl-76"/>
      </object_component>
      <object_component id="oc-a05">
         <name>.text:__TI_printfi:__TI_printfi</name>
         <load_address>0x10ee0</load_address>
         <run_address>0x10ee0</run_address>
         <size>0x2a6</size>
         <input_file_ref idref="fl-6f"/>
      </object_component>
      <object_component id="oc-b9c">
         <name>.text:__mspabi_mpyd</name>
         <load_address>0x11186</load_address>
         <run_address>0x11186</run_address>
         <size>0x292</size>
         <input_file_ref idref="fl-7b"/>
      </object_component>
      <object_component id="oc-a7f">
         <name>.text:__TI_printfi:_setfield___TI_printfi</name>
         <load_address>0x11418</load_address>
         <run_address>0x11418</run_address>
         <size>0x27a</size>
         <input_file_ref idref="fl-6f"/>
      </object_component>
      <object_component id="oc-ae4">
         <name>.text:_pproc_fgea</name>
         <load_address>0x11692</load_address>
         <run_address>0x11692</run_address>
         <size>0x268</size>
         <input_file_ref idref="fl-6f"/>
      </object_component>
      <object_component id="oc-92a">
         <name>.text:CharReceived</name>
         <load_address>0x118fa</load_address>
         <run_address>0x118fa</run_address>
         <size>0x248</size>
         <input_file_ref idref="fl-3"/>
      </object_component>
      <object_component id="oc-baf">
         <name>.text:acvt</name>
         <load_address>0x11b42</load_address>
         <run_address>0x11b42</run_address>
         <size>0x224</size>
         <input_file_ref idref="fl-6f"/>
      </object_component>
      <object_component id="oc-ba2">
         <name>.text:__mspabi_divd</name>
         <load_address>0x11d66</load_address>
         <run_address>0x11d66</run_address>
         <size>0x21c</size>
         <input_file_ref idref="fl-72"/>
      </object_component>
      <object_component id="oc-b17">
         <name>.text:__TI_printfi:_getarg_diouxp___TI_printfi</name>
         <load_address>0x11f82</load_address>
         <run_address>0x11f82</run_address>
         <size>0x206</size>
         <input_file_ref idref="fl-6f"/>
      </object_component>
      <object_component id="oc-b7c">
         <name>.text:ecvt</name>
         <load_address>0x12188</load_address>
         <run_address>0x12188</run_address>
         <size>0x1e6</size>
         <input_file_ref idref="fl-6f"/>
      </object_component>
      <object_component id="oc-8f8">
         <name>.text:SendDynamentPacket</name>
         <load_address>0x1236e</load_address>
         <run_address>0x1236e</run_address>
         <size>0x1d2</size>
         <input_file_ref idref="fl-3"/>
      </object_component>
      <object_component id="oc-b8f">
         <name>.text:fcvt</name>
         <load_address>0x12540</load_address>
         <run_address>0x12540</run_address>
         <size>0x1c8</size>
         <input_file_ref idref="fl-6f"/>
      </object_component>
      <object_component id="oc-b3c">
         <name>.text:_pconv_e</name>
         <load_address>0x12708</load_address>
         <run_address>0x12708</run_address>
         <size>0x1a2</size>
         <input_file_ref idref="fl-6f"/>
      </object_component>
      <object_component id="oc-b42">
         <name>.text:_pconv_a</name>
         <load_address>0x128aa</load_address>
         <run_address>0x128aa</run_address>
         <size>0x170</size>
         <input_file_ref idref="fl-6f"/>
      </object_component>
      <object_component id="oc-bfd">
         <name>.text:__TI_frcmpyd</name>
         <load_address>0x12a1a</load_address>
         <run_address>0x12a1a</run_address>
         <size>0x164</size>
         <input_file_ref idref="fl-7c"/>
      </object_component>
      <object_component id="oc-c14">
         <name>.text:scalbn</name>
         <load_address>0x12b7e</load_address>
         <run_address>0x12b7e</run_address>
         <size>0x15a</size>
         <input_file_ref idref="fl-8b"/>
      </object_component>
      <object_component id="oc-ade">
         <name>.text:__TI_printfi:_pproc_diouxp___TI_printfi</name>
         <load_address>0x12cd8</load_address>
         <run_address>0x12cd8</run_address>
         <size>0x148</size>
         <input_file_ref idref="fl-6f"/>
      </object_component>
      <object_component id="oc-b1d">
         <name>.text:__TI_printfi:_ltostr___TI_printfi</name>
         <load_address>0x12e20</load_address>
         <run_address>0x12e20</run_address>
         <size>0x128</size>
         <input_file_ref idref="fl-6f"/>
      </object_component>
      <object_component id="oc-a2c">
         <name>.text:ReadLiveData2Response</name>
         <load_address>0x12f48</load_address>
         <run_address>0x12f48</run_address>
         <size>0x11c</size>
         <input_file_ref idref="fl-3"/>
      </object_component>
      <object_component id="oc-b30">
         <name>.text:_pconv_g</name>
         <load_address>0x13064</load_address>
         <run_address>0x13064</run_address>
         <size>0xfc</size>
         <input_file_ref idref="fl-6f"/>
      </object_component>
      <object_component id="oc-a79">
         <name>.text:__TI_printfi:_pproc_fwp___TI_printfi</name>
         <load_address>0x13160</load_address>
         <run_address>0x13160</run_address>
         <size>0xea</size>
         <input_file_ref idref="fl-6f"/>
      </object_component>
      <object_component id="oc-a32">
         <name>.text:ReadLiveDataResponse</name>
         <load_address>0x1324a</load_address>
         <run_address>0x1324a</run_address>
         <size>0xd8</size>
         <input_file_ref idref="fl-3"/>
      </object_component>
      <object_component id="oc-b48">
         <name>.text:__mspabi_cmpd</name>
         <load_address>0x13322</load_address>
         <run_address>0x13322</run_address>
         <size>0xd8</size>
         <input_file_ref idref="fl-71"/>
      </object_component>
      <object_component id="oc-a8b">
         <name>.text:__TI_printfi:_pproc_wstr___TI_printfi</name>
         <load_address>0x133fa</load_address>
         <run_address>0x133fa</run_address>
         <size>0xc8</size>
         <input_file_ref idref="fl-6f"/>
      </object_component>
      <object_component id="oc-a85">
         <name>.text:__TI_printfi:_pproc_str___TI_printfi</name>
         <load_address>0x134c2</load_address>
         <run_address>0x134c2</run_address>
         <size>0xa6</size>
         <input_file_ref idref="fl-6f"/>
      </object_component>
      <object_component id="oc-ba9">
         <name>.text:frexp</name>
         <load_address>0x13568</load_address>
         <run_address>0x13568</run_address>
         <size>0xa6</size>
         <input_file_ref idref="fl-8a"/>
      </object_component>
      <object_component id="oc-be0">
         <name>.text:__mspabi_fltlid</name>
         <load_address>0x1360e</load_address>
         <run_address>0x1360e</run_address>
         <size>0x9e</size>
         <input_file_ref idref="fl-7a"/>
      </object_component>
      <object_component id="oc-85a">
         <name>.text:DualReadingReceived</name>
         <load_address>0x136ac</load_address>
         <run_address>0x136ac</run_address>
         <size>0x98</size>
         <input_file_ref idref="fl-2"/>
      </object_component>
      <object_component id="oc-87c">
         <name>.text:DynamentCommsHandler</name>
         <load_address>0x13744</load_address>
         <run_address>0x13744</run_address>
         <size>0x98</size>
         <input_file_ref idref="fl-3"/>
      </object_component>
      <object_component id="oc-9b9">
         <name>.text:ProcessReceivedPacket</name>
         <load_address>0x137dc</load_address>
         <run_address>0x137dc</run_address>
         <size>0x90</size>
         <input_file_ref idref="fl-3"/>
      </object_component>
      <object_component id="oc-b82">
         <name>.text:_ecpy</name>
         <load_address>0x1386c</load_address>
         <run_address>0x1386c</run_address>
         <size>0x90</size>
         <input_file_ref idref="fl-6f"/>
      </object_component>
      <object_component id="oc-b88">
         <name>.text:_mcpy</name>
         <load_address>0x138fc</load_address>
         <run_address>0x138fc</run_address>
         <size>0x90</size>
         <input_file_ref idref="fl-6f"/>
      </object_component>
      <object_component id="oc-908">
         <name>.text:uart_init</name>
         <load_address>0x1398c</load_address>
         <run_address>0x1398c</run_address>
         <size>0x82</size>
         <input_file_ref idref="fl-7"/>
      </object_component>
      <object_component id="oc-bda">
         <name>.text:__TI_ltoa</name>
         <load_address>0x13a0e</load_address>
         <run_address>0x13a0e</run_address>
         <size>0x80</size>
         <input_file_ref idref="fl-70"/>
      </object_component>
      <object_component id="oc-8eb">
         <name>.text:printInt</name>
         <load_address>0x13a8e</load_address>
         <run_address>0x13a8e</run_address>
         <size>0x80</size>
         <input_file_ref idref="fl-6"/>
      </object_component>
      <object_component id="oc-b36">
         <name>.text:_pconv_f</name>
         <load_address>0x13b0e</load_address>
         <run_address>0x13b0e</run_address>
         <size>0x78</size>
         <input_file_ref idref="fl-6f"/>
      </object_component>
      <object_component id="oc-81">
         <name>.text:decompress:lzss:__TI_decompress_lzss</name>
         <load_address>0x13b86</load_address>
         <run_address>0x13b86</run_address>
         <size>0x76</size>
         <input_file_ref idref="fl-2e"/>
      </object_component>
      <object_component id="oc-a9b">
         <name>.text</name>
         <load_address>0x13bfc</load_address>
         <run_address>0x13bfc</run_address>
         <size>0x68</size>
         <input_file_ref idref="fl-58"/>
      </object_component>
      <object_component id="oc-bd4">
         <name>.text:__mspabi_fixdli</name>
         <load_address>0x13c64</load_address>
         <run_address>0x13c64</run_address>
         <size>0x66</size>
         <input_file_ref idref="fl-78"/>
      </object_component>
      <object_component id="oc-995">
         <name>.text:__mspabi_cvtfd</name>
         <load_address>0x13cca</load_address>
         <run_address>0x13cca</run_address>
         <size>0x64</size>
         <input_file_ref idref="fl-55"/>
      </object_component>
      <object_component id="oc-ac4">
         <name>.text:atoi</name>
         <load_address>0x13d2e</load_address>
         <run_address>0x13d2e</run_address>
         <size>0x62</size>
         <input_file_ref idref="fl-87"/>
      </object_component>
      <object_component id="oc-8e5">
         <name>.text:snprintf</name>
         <load_address>0x13d90</load_address>
         <run_address>0x13d90</run_address>
         <size>0x62</size>
         <input_file_ref idref="fl-6e"/>
      </object_component>
      <object_component id="oc-c43">
         <name>.text:__mpyll</name>
         <load_address>0x13df2</load_address>
         <run_address>0x13df2</run_address>
         <size>0x5c</size>
         <input_file_ref idref="fl-5b"/>
      </object_component>
      <object_component id="oc-b64">
         <name>.text</name>
         <load_address>0x13e4e</load_address>
         <run_address>0x13e4e</run_address>
         <size>0x58</size>
         <input_file_ref idref="fl-75"/>
      </object_component>
      <object_component id="oc-924">
         <name>.text:UART_sendHex</name>
         <load_address>0x13ea6</load_address>
         <run_address>0x13ea6</run_address>
         <size>0x56</size>
         <input_file_ref idref="fl-6"/>
      </object_component>
      <object_component id="oc-8a7">
         <name>.text:__TI_auto_init_nobinit_nopinit_hold_wdt:__TI_auto_init_nobinit_nopinit_hold_wdt</name>
         <load_address>0x13efc</load_address>
         <run_address>0x13efc</run_address>
         <size>0x54</size>
         <input_file_ref idref="fl-65"/>
      </object_component>
      <object_component id="oc-b95">
         <name>.text:_fcpy</name>
         <load_address>0x13f50</load_address>
         <run_address>0x13f50</run_address>
         <size>0x4e</size>
         <input_file_ref idref="fl-6f"/>
      </object_component>
      <object_component id="oc-aa0">
         <name>.text</name>
         <load_address>0x13f9e</load_address>
         <run_address>0x13f9e</run_address>
         <size>0x4a</size>
         <input_file_ref idref="fl-54"/>
      </object_component>
      <object_component id="oc-876">
         <name>.text:Reset</name>
         <load_address>0x13fe8</load_address>
         <run_address>0x13fe8</run_address>
         <size>0x42</size>
         <input_file_ref idref="fl-3"/>
      </object_component>
      <object_component id="oc-c71">
         <name>.text:__mspabi_srall</name>
         <load_address>0x1402a</load_address>
         <run_address>0x1402a</run_address>
         <size>0x40</size>
         <input_file_ref idref="fl-85"/>
      </object_component>
      <object_component id="oc-c2c">
         <name>.text</name>
         <load_address>0x1406a</load_address>
         <run_address>0x1406a</run_address>
         <size>0x40</size>
         <input_file_ref idref="fl-74"/>
      </object_component>
      <object_component id="oc-8f1">
         <name>.text:UART_sendFloat</name>
         <load_address>0x140aa</load_address>
         <run_address>0x140aa</run_address>
         <size>0x3e</size>
         <input_file_ref idref="fl-6"/>
      </object_component>
      <object_component id="oc-a18">
         <name>.text:l_asr_const</name>
         <load_address>0x140e8</load_address>
         <run_address>0x140e8</run_address>
         <size>0x3e</size>
         <input_file_ref idref="fl-5f"/>
      </object_component>
      <object_component id="oc-a95">
         <name>.text:l_lsl_const</name>
         <load_address>0x14126</load_address>
         <run_address>0x14126</run_address>
         <size>0x3e</size>
         <input_file_ref idref="fl-5e"/>
      </object_component>
      <object_component id="oc-c33">
         <name>.text:l_lsr_const</name>
         <load_address>0x14164</load_address>
         <run_address>0x14164</run_address>
         <size>0x3e</size>
         <input_file_ref idref="fl-60"/>
      </object_component>
      <object_component id="oc-930">
         <name>.text:p2pRxByte</name>
         <load_address>0x141a2</load_address>
         <run_address>0x141a2</run_address>
         <size>0x3c</size>
         <input_file_ref idref="fl-5"/>
      </object_component>
      <object_component id="oc-bc3">
         <name>.text:__mspabi_sllll</name>
         <load_address>0x141de</load_address>
         <run_address>0x141de</run_address>
         <size>0x3a</size>
         <input_file_ref idref="fl-82"/>
      </object_component>
      <object_component id="oc-b69">
         <name>.text:__mspabi_srlll</name>
         <load_address>0x14218</load_address>
         <run_address>0x14218</run_address>
         <size>0x3a</size>
         <input_file_ref idref="fl-61"/>
      </object_component>
      <object_component id="oc-976">
         <name>.text:_outs</name>
         <load_address>0x14252</load_address>
         <run_address>0x14252</run_address>
         <size>0x36</size>
         <input_file_ref idref="fl-6e"/>
      </object_component>
      <object_component id="oc-be6">
         <name>.text:__mspabi_subd</name>
         <load_address>0x14288</load_address>
         <run_address>0x14288</run_address>
         <size>0x32</size>
         <input_file_ref idref="fl-83"/>
      </object_component>
      <object_component id="oc-b2a">
         <name>.text:__mspabi_negd</name>
         <load_address>0x142ba</load_address>
         <run_address>0x142ba</run_address>
         <size>0x2e</size>
         <input_file_ref idref="fl-81"/>
      </object_component>
      <object_component id="oc-c60">
         <name>.text:copysign</name>
         <load_address>0x142e8</load_address>
         <run_address>0x142e8</run_address>
         <size>0x2e</size>
         <input_file_ref idref="fl-8c"/>
      </object_component>
      <object_component id="oc-82f">
         <name>.text:__mpu_init</name>
         <load_address>0x14316</load_address>
         <run_address>0x14316</run_address>
         <size>0x2c</size>
         <input_file_ref idref="fl-63"/>
      </object_component>
      <object_component id="oc-c48">
         <name>.text:__mpyull</name>
         <load_address>0x14342</load_address>
         <run_address>0x14342</run_address>
         <size>0x2c</size>
         <input_file_ref idref="fl-5d"/>
      </object_component>
      <object_component id="oc-98f">
         <name>.text</name>
         <load_address>0x1436e</load_address>
         <run_address>0x1436e</run_address>
         <size>0x2c</size>
         <input_file_ref idref="fl-56"/>
      </object_component>
      <object_component id="oc-939">
         <name>.text:PacketTimedOut</name>
         <load_address>0x1439a</load_address>
         <run_address>0x1439a</run_address>
         <size>0x28</size>
         <input_file_ref idref="fl-3"/>
      </object_component>
      <object_component id="oc-bec">
         <name>.text:__mspabi_fixdi</name>
         <load_address>0x143c2</load_address>
         <run_address>0x143c2</run_address>
         <size>0x28</size>
         <input_file_ref idref="fl-77"/>
      </object_component>
      <object_component id="oc-ab5">
         <name>.text:memccpy</name>
         <load_address>0x143ea</load_address>
         <run_address>0x143ea</run_address>
         <size>0x26</size>
         <input_file_ref idref="fl-8d"/>
      </object_component>
      <object_component id="oc-9bf">
         <name>.text:NAKReceived</name>
         <load_address>0x14410</load_address>
         <run_address>0x14410</run_address>
         <size>0x24</size>
         <input_file_ref idref="fl-3"/>
      </object_component>
      <object_component id="oc-7a9">
         <name>.text:decompress:ZI:__TI_zero_init_nomemset:__TI_zero_init_nomemset</name>
         <load_address>0x14434</load_address>
         <run_address>0x14434</run_address>
         <size>0x24</size>
         <input_file_ref idref="fl-53"/>
      </object_component>
      <object_component id="oc-81d">
         <name>.text:main</name>
         <load_address>0x14458</load_address>
         <run_address>0x14458</run_address>
         <size>0x24</size>
         <input_file_ref idref="fl-2"/>
      </object_component>
      <object_component id="oc-c50">
         <name>.text</name>
         <load_address>0x1447c</load_address>
         <run_address>0x1447c</run_address>
         <size>0x24</size>
         <input_file_ref idref="fl-5a"/>
      </object_component>
      <object_component id="oc-802">
         <name>.text:RequestGasReading</name>
         <load_address>0x144a0</load_address>
         <run_address>0x144a0</run_address>
         <size>0x22</size>
         <input_file_ref idref="fl-2"/>
      </object_component>
      <object_component id="oc-860">
         <name>.text:RequestLiveData2</name>
         <load_address>0x144c2</load_address>
         <run_address>0x144c2</run_address>
         <size>0x20</size>
         <input_file_ref idref="fl-3"/>
      </object_component>
      <object_component id="oc-97c">
         <name>.text:_outc</name>
         <load_address>0x144e2</load_address>
         <run_address>0x144e2</run_address>
         <size>0x20</size>
         <input_file_ref idref="fl-6e"/>
      </object_component>
      <object_component id="oc-c1a">
         <name>.text:strchr</name>
         <load_address>0x14502</load_address>
         <run_address>0x14502</run_address>
         <size>0x1c</size>
         <input_file_ref idref="fl-8f"/>
      </object_component>
      <object_component id="oc-86a">
         <name>.text:active_all</name>
         <load_address>0x1451e</load_address>
         <run_address>0x1451e</run_address>
         <size>0x1a</size>
         <input_file_ref idref="fl-2"/>
      </object_component>
      <object_component id="oc-902">
         <name>.text:clockConfigure</name>
         <load_address>0x14538</load_address>
         <run_address>0x14538</run_address>
         <size>0x1a</size>
         <input_file_ref idref="fl-2"/>
      </object_component>
      <object_component id="oc-9a3">
         <name>.text:p2pTxData</name>
         <load_address>0x14552</load_address>
         <run_address>0x14552</run_address>
         <size>0x1a</size>
         <input_file_ref idref="fl-5"/>
      </object_component>
      <object_component id="oc-9eb">
         <name>.text</name>
         <load_address>0x1456c</load_address>
         <run_address>0x1456c</run_address>
         <size>0x18</size>
         <input_file_ref idref="fl-59"/>
      </object_component>
      <object_component id="oc-aa8">
         <name>.text:memset</name>
         <load_address>0x14584</load_address>
         <run_address>0x14584</run_address>
         <size>0x16</size>
         <input_file_ref idref="fl-8e"/>
      </object_component>
      <object_component id="oc-a12">
         <name>.text</name>
         <load_address>0x1459a</load_address>
         <run_address>0x1459a</run_address>
         <size>0x16</size>
         <input_file_ref idref="fl-57"/>
      </object_component>
      <object_component id="oc-ad3">
         <name>.text:wcslen</name>
         <load_address>0x145b0</load_address>
         <run_address>0x145b0</run_address>
         <size>0x16</size>
         <input_file_ref idref="fl-92"/>
      </object_component>
      <object_component id="oc-914">
         <name>.text:Timer1_A_Setup</name>
         <load_address>0x145c6</load_address>
         <run_address>0x145c6</run_address>
         <size>0x14</size>
         <input_file_ref idref="fl-2"/>
      </object_component>
      <object_component id="oc-77f">
         <name>.text:memcpy</name>
         <load_address>0x145da</load_address>
         <run_address>0x145da</run_address>
         <size>0x14</size>
         <input_file_ref idref="fl-6d"/>
      </object_component>
      <object_component id="oc-854">
         <name>.text:DEBUG_STRING</name>
         <load_address>0x145ee</load_address>
         <run_address>0x145ee</run_address>
         <size>0x12</size>
         <input_file_ref idref="fl-6"/>
      </object_component>
      <object_component id="oc-91b">
         <name>.text:Timer_Init</name>
         <load_address>0x14600</load_address>
         <run_address>0x14600</run_address>
         <size>0x12</size>
         <input_file_ref idref="fl-2"/>
      </object_component>
      <object_component id="oc-87">
         <name>.text:decompress:none:__TI_decompress_none</name>
         <load_address>0x14612</load_address>
         <run_address>0x14612</run_address>
         <size>0x12</size>
         <input_file_ref idref="fl-2f"/>
      </object_component>
      <object_component id="oc-b24">
         <name>.text:toupper</name>
         <load_address>0x14624</load_address>
         <run_address>0x14624</run_address>
         <size>0x12</size>
         <input_file_ref idref="fl-91"/>
      </object_component>
      <object_component id="oc-bc9">
         <name>.text:l_lsr</name>
         <load_address>0x14636</load_address>
         <run_address>0x14636</run_address>
         <size>0x10</size>
         <input_file_ref idref="fl-60"/>
      </object_component>
      <object_component id="oc-8dd">
         <name>.text:UART_sendChar</name>
         <load_address>0x14646</load_address>
         <run_address>0x14646</run_address>
         <size>0xe</size>
         <input_file_ref idref="fl-6"/>
      </object_component>
      <object_component id="oc-870">
         <name>.text:initialise_comms</name>
         <load_address>0x14654</load_address>
         <run_address>0x14654</run_address>
         <size>0xe</size>
         <input_file_ref idref="fl-2"/>
      </object_component>
      <object_component id="oc-a24">
         <name>.text:p2pTxByte</name>
         <load_address>0x14662</load_address>
         <run_address>0x14662</run_address>
         <size>0xe</size>
         <input_file_ref idref="fl-5"/>
      </object_component>
      <object_component id="oc-a47">
         <name>.text:strlen</name>
         <load_address>0x14670</load_address>
         <run_address>0x14670</run_address>
         <size>0xe</size>
         <input_file_ref idref="fl-90"/>
      </object_component>
      <object_component id="oc-c20">
         <name>.text:__mspabi_fltid</name>
         <load_address>0x1467e</load_address>
         <run_address>0x1467e</run_address>
         <size>0xc</size>
         <input_file_ref idref="fl-79"/>
      </object_component>
      <object_component id="oc-9a9">
         <name>.text:PacketSent</name>
         <load_address>0x1468a</load_address>
         <run_address>0x1468a</run_address>
         <size>0xa</size>
         <input_file_ref idref="fl-3"/>
      </object_component>
      <object_component id="oc-bf3">
         <name>.text:abs</name>
         <load_address>0x14694</load_address>
         <run_address>0x14694</run_address>
         <size>0xa</size>
         <input_file_ref idref="fl-86"/>
      </object_component>
      <object_component id="oc-90e">
         <name>.text:initGLED</name>
         <load_address>0x1469e</load_address>
         <run_address>0x1469e</run_address>
         <size>0xa</size>
         <input_file_ref idref="fl-7"/>
      </object_component>
      <object_component id="oc-99d">
         <name>.text:UpdateChecksum</name>
         <load_address>0x146a8</load_address>
         <run_address>0x146a8</run_address>
         <size>0x8</size>
         <input_file_ref idref="fl-3"/>
      </object_component>
      <object_component id="oc-883">
         <name>.text:abort</name>
         <load_address>0x146b0</load_address>
         <run_address>0x146b0</run_address>
         <size>0x6</size>
         <input_file_ref idref="fl-6a"/>
      </object_component>
      <object_component id="oc-817">
         <name>.text:_system_pre_init</name>
         <load_address>0x146b6</load_address>
         <run_address>0x146b6</run_address>
         <size>0x4</size>
         <input_file_ref idref="fl-67"/>
      </object_component>
      <object_component id="oc-952">
         <name>.text:_system_post_cinit</name>
         <load_address>0x146ba</load_address>
         <run_address>0x146ba</run_address>
         <size>0x2</size>
         <input_file_ref idref="fl-66"/>
      </object_component>
      <object_component id="oc-936">
         <name>.common:rxBuffer</name>
         <uninitialized>true</uninitialized>
         <run_address>0x1c00</run_address>
         <size>0x12c</size>
      </object_component>
      <object_component id="oc-7fa">
         <name>.common:RX_Buffer</name>
         <uninitialized>true</uninitialized>
         <run_address>0x1d30</run_address>
         <size>0x100</size>
      </object_component>
      <object_component id="oc-7ff">
         <name>.data</name>
         <load_address>0x1e5e</load_address>
         <run_address>0x1e5e</run_address>
         <size>0x6</size>
         <input_file_ref idref="fl-2"/>
      </object_component>
      <object_component id="oc-8fe">
         <name>.data</name>
         <load_address>0x1e30</load_address>
         <run_address>0x1e30</run_address>
         <size>0x1e</size>
         <input_file_ref idref="fl-3"/>
      </object_component>
      <object_component id="oc-7f7">
         <name>.data</name>
         <load_address>0x1e4e</load_address>
         <run_address>0x1e4e</run_address>
         <size>0x10</size>
         <input_file_ref idref="fl-5"/>
      </object_component>
      <object_component id="oc-ad9">
         <name>.data</name>
         <load_address>0x1e64</load_address>
         <run_address>0x1e64</run_address>
         <size>0x2</size>
         <input_file_ref idref="fl-89"/>
      </object_component>
      <object_component id="oc-770">
         <name>.stack</name>
         <uninitialized>true</uninitialized>
         <run_address>0x2b60</run_address>
         <size>0x4</size>
         <input_file_ref idref="fl-62"/>
      </object_component>
      <object_component id="oc-cf9">
         <name>.stack</name>
         <uninitialized>true</uninitialized>
         <run_address>0x2b60</run_address>
         <size>0x0</size>
      </object_component>
      <object_component id="oc-8d">
         <name>.int16</name>
         <load_address>0xffb0</load_address>
         <run_address>0xffb0</run_address>
         <size>0x2</size>
         <input_file_ref idref="fl-30"/>
      </object_component>
      <object_component id="oc-8e">
         <name>.int17</name>
         <load_address>0xffb2</load_address>
         <run_address>0xffb2</run_address>
         <size>0x2</size>
         <input_file_ref idref="fl-32"/>
      </object_component>
      <object_component id="oc-8f">
         <name>.int18</name>
         <load_address>0xffb4</load_address>
         <run_address>0xffb4</run_address>
         <size>0x2</size>
         <input_file_ref idref="fl-33"/>
      </object_component>
      <object_component id="oc-90">
         <name>.int19</name>
         <load_address>0xffb6</load_address>
         <run_address>0xffb6</run_address>
         <size>0x2</size>
         <input_file_ref idref="fl-34"/>
      </object_component>
      <object_component id="oc-91">
         <name>.int20</name>
         <load_address>0xffb8</load_address>
         <run_address>0xffb8</run_address>
         <size>0x2</size>
         <input_file_ref idref="fl-35"/>
      </object_component>
      <object_component id="oc-92">
         <name>.int21</name>
         <load_address>0xffba</load_address>
         <run_address>0xffba</run_address>
         <size>0x2</size>
         <input_file_ref idref="fl-36"/>
      </object_component>
      <object_component id="oc-93">
         <name>.int22</name>
         <load_address>0xffbc</load_address>
         <run_address>0xffbc</run_address>
         <size>0x2</size>
         <input_file_ref idref="fl-37"/>
      </object_component>
      <object_component id="oc-94">
         <name>.int23</name>
         <load_address>0xffbe</load_address>
         <run_address>0xffbe</run_address>
         <size>0x2</size>
         <input_file_ref idref="fl-38"/>
      </object_component>
      <object_component id="oc-95">
         <name>.int24</name>
         <load_address>0xffc0</load_address>
         <run_address>0xffc0</run_address>
         <size>0x2</size>
         <input_file_ref idref="fl-5"/>
      </object_component>
      <object_component id="oc-96">
         <name>.int25</name>
         <load_address>0xffc2</load_address>
         <run_address>0xffc2</run_address>
         <size>0x2</size>
         <input_file_ref idref="fl-39"/>
      </object_component>
      <object_component id="oc-97">
         <name>.int26</name>
         <load_address>0xffc4</load_address>
         <run_address>0xffc4</run_address>
         <size>0x2</size>
         <input_file_ref idref="fl-3a"/>
      </object_component>
      <object_component id="oc-98">
         <name>.int27</name>
         <load_address>0xffc6</load_address>
         <run_address>0xffc6</run_address>
         <size>0x2</size>
         <input_file_ref idref="fl-3b"/>
      </object_component>
      <object_component id="oc-99">
         <name>.int28</name>
         <load_address>0xffc8</load_address>
         <run_address>0xffc8</run_address>
         <size>0x2</size>
         <input_file_ref idref="fl-3c"/>
      </object_component>
      <object_component id="oc-9a">
         <name>.int29</name>
         <load_address>0xffca</load_address>
         <run_address>0xffca</run_address>
         <size>0x2</size>
         <input_file_ref idref="fl-3d"/>
      </object_component>
      <object_component id="oc-9b">
         <name>.int30</name>
         <load_address>0xffcc</load_address>
         <run_address>0xffcc</run_address>
         <size>0x2</size>
         <input_file_ref idref="fl-3e"/>
      </object_component>
      <object_component id="oc-9c">
         <name>.int32</name>
         <load_address>0xffd0</load_address>
         <run_address>0xffd0</run_address>
         <size>0x2</size>
         <input_file_ref idref="fl-3f"/>
      </object_component>
      <object_component id="oc-9d">
         <name>.int33</name>
         <load_address>0xffd2</load_address>
         <run_address>0xffd2</run_address>
         <size>0x2</size>
         <input_file_ref idref="fl-40"/>
      </object_component>
      <object_component id="oc-9e">
         <name>.int34</name>
         <load_address>0xffd4</load_address>
         <run_address>0xffd4</run_address>
         <size>0x2</size>
         <input_file_ref idref="fl-41"/>
      </object_component>
      <object_component id="oc-9f">
         <name>.int35</name>
         <load_address>0xffd6</load_address>
         <run_address>0xffd6</run_address>
         <size>0x2</size>
         <input_file_ref idref="fl-42"/>
      </object_component>
      <object_component id="oc-a0">
         <name>.int36</name>
         <load_address>0xffd8</load_address>
         <run_address>0xffd8</run_address>
         <size>0x2</size>
         <input_file_ref idref="fl-43"/>
      </object_component>
      <object_component id="oc-a1">
         <name>.int37</name>
         <load_address>0xffda</load_address>
         <run_address>0xffda</run_address>
         <size>0x2</size>
         <input_file_ref idref="fl-44"/>
      </object_component>
      <object_component id="oc-a2">
         <name>.int38</name>
         <load_address>0xffdc</load_address>
         <run_address>0xffdc</run_address>
         <size>0x2</size>
         <input_file_ref idref="fl-45"/>
      </object_component>
      <object_component id="oc-a3">
         <name>.int39</name>
         <load_address>0xffde</load_address>
         <run_address>0xffde</run_address>
         <size>0x2</size>
         <input_file_ref idref="fl-46"/>
      </object_component>
      <object_component id="oc-a4">
         <name>.int40</name>
         <load_address>0xffe0</load_address>
         <run_address>0xffe0</run_address>
         <size>0x2</size>
         <input_file_ref idref="fl-47"/>
      </object_component>
      <object_component id="oc-a5">
         <name>.int41</name>
         <load_address>0xffe2</load_address>
         <run_address>0xffe2</run_address>
         <size>0x2</size>
         <input_file_ref idref="fl-5"/>
      </object_component>
      <object_component id="oc-a6">
         <name>.int42</name>
         <load_address>0xffe4</load_address>
         <run_address>0xffe4</run_address>
         <size>0x2</size>
         <input_file_ref idref="fl-48"/>
      </object_component>
      <object_component id="oc-a7">
         <name>.int43</name>
         <load_address>0xffe6</load_address>
         <run_address>0xffe6</run_address>
         <size>0x2</size>
         <input_file_ref idref="fl-49"/>
      </object_component>
      <object_component id="oc-a8">
         <name>.int44</name>
         <load_address>0xffe8</load_address>
         <run_address>0xffe8</run_address>
         <size>0x2</size>
         <input_file_ref idref="fl-4a"/>
      </object_component>
      <object_component id="oc-a9">
         <name>.int45</name>
         <load_address>0xffea</load_address>
         <run_address>0xffea</run_address>
         <size>0x2</size>
         <input_file_ref idref="fl-2"/>
      </object_component>
      <object_component id="oc-aa">
         <name>.int46</name>
         <load_address>0xffec</load_address>
         <run_address>0xffec</run_address>
         <size>0x2</size>
         <input_file_ref idref="fl-4b"/>
      </object_component>
      <object_component id="oc-ab">
         <name>.int47</name>
         <load_address>0xffee</load_address>
         <run_address>0xffee</run_address>
         <size>0x2</size>
         <input_file_ref idref="fl-4c"/>
      </object_component>
      <object_component id="oc-ac">
         <name>.int48</name>
         <load_address>0xfff0</load_address>
         <run_address>0xfff0</run_address>
         <size>0x2</size>
         <input_file_ref idref="fl-4d"/>
      </object_component>
      <object_component id="oc-ad">
         <name>.int49</name>
         <load_address>0xfff2</load_address>
         <run_address>0xfff2</run_address>
         <size>0x2</size>
         <input_file_ref idref="fl-2"/>
      </object_component>
      <object_component id="oc-ae">
         <name>.int50</name>
         <load_address>0xfff4</load_address>
         <run_address>0xfff4</run_address>
         <size>0x2</size>
         <input_file_ref idref="fl-4e"/>
      </object_component>
      <object_component id="oc-af">
         <name>.int51</name>
         <load_address>0xfff6</load_address>
         <run_address>0xfff6</run_address>
         <size>0x2</size>
         <input_file_ref idref="fl-4f"/>
      </object_component>
      <object_component id="oc-b0">
         <name>.int52</name>
         <load_address>0xfff8</load_address>
         <run_address>0xfff8</run_address>
         <size>0x2</size>
         <input_file_ref idref="fl-50"/>
      </object_component>
      <object_component id="oc-b1">
         <name>.int53</name>
         <load_address>0xfffa</load_address>
         <run_address>0xfffa</run_address>
         <size>0x2</size>
         <input_file_ref idref="fl-51"/>
      </object_component>
      <object_component id="oc-b2">
         <name>.int54</name>
         <load_address>0xfffc</load_address>
         <run_address>0xfffc</run_address>
         <size>0x2</size>
         <input_file_ref idref="fl-52"/>
      </object_component>
      <object_component id="oc-773">
         <name>.reset</name>
         <load_address>0xfffe</load_address>
         <run_address>0xfffe</run_address>
         <size>0x2</size>
         <input_file_ref idref="fl-62"/>
      </object_component>
      <object_component id="oc-852">
         <name>.debug_info</name>
         <load_address>0x0</load_address>
         <run_address>0x0</run_address>
         <size>0x553</size>
         <input_file_ref idref="fl-2"/>
      </object_component>
      <object_component id="oc-800">
         <name>.debug_info</name>
         <load_address>0x553</load_address>
         <run_address>0x553</run_address>
         <size>0x108</size>
         <input_file_ref idref="fl-2"/>
      </object_component>
      <object_component id="oc-903">
         <name>.debug_info</name>
         <load_address>0x65b</load_address>
         <run_address>0x65b</run_address>
         <size>0xee</size>
         <input_file_ref idref="fl-2"/>
      </object_component>
      <object_component id="oc-915">
         <name>.debug_info</name>
         <load_address>0x749</load_address>
         <run_address>0x749</run_address>
         <size>0xee</size>
         <input_file_ref idref="fl-2"/>
      </object_component>
      <object_component id="oc-86b">
         <name>.debug_info</name>
         <load_address>0x837</load_address>
         <run_address>0x837</run_address>
         <size>0x142</size>
         <input_file_ref idref="fl-2"/>
      </object_component>
      <object_component id="oc-91c">
         <name>.debug_info</name>
         <load_address>0x979</load_address>
         <run_address>0x979</run_address>
         <size>0xe6</size>
         <input_file_ref idref="fl-2"/>
      </object_component>
      <object_component id="oc-871">
         <name>.debug_info</name>
         <load_address>0xa5f</load_address>
         <run_address>0xa5f</run_address>
         <size>0x103</size>
         <input_file_ref idref="fl-2"/>
      </object_component>
      <object_component id="oc-81e">
         <name>.debug_info</name>
         <load_address>0xb62</load_address>
         <run_address>0xb62</run_address>
         <size>0x138</size>
         <input_file_ref idref="fl-2"/>
      </object_component>
      <object_component id="oc-7a4">
         <name>.debug_info</name>
         <load_address>0xc9a</load_address>
         <run_address>0xc9a</run_address>
         <size>0xe1</size>
         <input_file_ref idref="fl-2"/>
      </object_component>
      <object_component id="oc-803">
         <name>.debug_info</name>
         <load_address>0xd7b</load_address>
         <run_address>0xd7b</run_address>
         <size>0x144</size>
         <input_file_ref idref="fl-2"/>
      </object_component>
      <object_component id="oc-79e">
         <name>.debug_info</name>
         <load_address>0xebf</load_address>
         <run_address>0xebf</run_address>
         <size>0x127</size>
         <input_file_ref idref="fl-2"/>
      </object_component>
      <object_component id="oc-85b">
         <name>.debug_info</name>
         <load_address>0xfe6</load_address>
         <run_address>0xfe6</run_address>
         <size>0x28f</size>
         <input_file_ref idref="fl-2"/>
      </object_component>
      <object_component id="oc-84b">
         <name>.debug_info</name>
         <load_address>0x1275</load_address>
         <run_address>0x1275</run_address>
         <size>0x26b</size>
         <input_file_ref idref="fl-2"/>
      </object_component>
      <object_component id="oc-809">
         <name>.debug_info</name>
         <load_address>0x14e0</load_address>
         <run_address>0x14e0</run_address>
         <size>0x8b</size>
         <input_file_ref idref="fl-2"/>
      </object_component>
      <object_component id="oc-8d8">
         <name>.debug_info</name>
         <load_address>0x156b</load_address>
         <run_address>0x156b</run_address>
         <size>0x2c</size>
         <input_file_ref idref="fl-2"/>
      </object_component>
      <object_component id="oc-8ce">
         <name>.debug_info</name>
         <load_address>0x1597</load_address>
         <run_address>0x1597</run_address>
         <size>0x2c</size>
         <input_file_ref idref="fl-2"/>
      </object_component>
      <object_component id="oc-8c2">
         <name>.debug_info</name>
         <load_address>0x15c3</load_address>
         <run_address>0x15c3</run_address>
         <size>0x282</size>
         <input_file_ref idref="fl-2"/>
      </object_component>
      <object_component id="oc-846">
         <name>.debug_info</name>
         <load_address>0x1845</load_address>
         <run_address>0x1845</run_address>
         <size>0xbb</size>
         <input_file_ref idref="fl-2"/>
      </object_component>
      <object_component id="oc-8d3">
         <name>.debug_info</name>
         <load_address>0x1900</load_address>
         <run_address>0x1900</run_address>
         <size>0xd9</size>
         <input_file_ref idref="fl-2"/>
      </object_component>
      <object_component id="oc-a0d">
         <name>.debug_info</name>
         <load_address>0x19d9</load_address>
         <run_address>0x19d9</run_address>
         <size>0x2c</size>
         <input_file_ref idref="fl-2"/>
      </object_component>
      <object_component id="oc-8c9">
         <name>.debug_info</name>
         <load_address>0x1a05</load_address>
         <run_address>0x1a05</run_address>
         <size>0x35</size>
         <input_file_ref idref="fl-2"/>
      </object_component>
      <object_component id="oc-937">
         <name>.debug_info</name>
         <load_address>0x1a3a</load_address>
         <run_address>0x1a3a</run_address>
         <size>0x37f</size>
         <input_file_ref idref="fl-3"/>
      </object_component>
      <object_component id="oc-8ff">
         <name>.debug_info</name>
         <load_address>0x1db9</load_address>
         <run_address>0x1db9</run_address>
         <size>0x353</size>
         <input_file_ref idref="fl-3"/>
      </object_component>
      <object_component id="oc-99f">
         <name>.debug_info</name>
         <load_address>0x210c</load_address>
         <run_address>0x210c</run_address>
         <size>0x196</size>
         <input_file_ref idref="fl-3"/>
      </object_component>
      <object_component id="oc-878">
         <name>.debug_info</name>
         <load_address>0x22a2</load_address>
         <run_address>0x22a2</run_address>
         <size>0x103</size>
         <input_file_ref idref="fl-3"/>
      </object_component>
      <object_component id="oc-9ab">
         <name>.debug_info</name>
         <load_address>0x23a5</load_address>
         <run_address>0x23a5</run_address>
         <size>0x119</size>
         <input_file_ref idref="fl-3"/>
      </object_component>
      <object_component id="oc-8fa">
         <name>.debug_info</name>
         <load_address>0x24be</load_address>
         <run_address>0x24be</run_address>
         <size>0x37b</size>
         <input_file_ref idref="fl-3"/>
      </object_component>
      <object_component id="oc-861">
         <name>.debug_info</name>
         <load_address>0x2839</load_address>
         <run_address>0x2839</run_address>
         <size>0x14f</size>
         <input_file_ref idref="fl-3"/>
      </object_component>
      <object_component id="oc-a33">
         <name>.debug_info</name>
         <load_address>0x2988</load_address>
         <run_address>0x2988</run_address>
         <size>0x27a</size>
         <input_file_ref idref="fl-3"/>
      </object_component>
      <object_component id="oc-a2e">
         <name>.debug_info</name>
         <load_address>0x2c02</load_address>
         <run_address>0x2c02</run_address>
         <size>0x29d</size>
         <input_file_ref idref="fl-3"/>
      </object_component>
      <object_component id="oc-9bb">
         <name>.debug_info</name>
         <load_address>0x2e9f</load_address>
         <run_address>0x2e9f</run_address>
         <size>0x1f5</size>
         <input_file_ref idref="fl-3"/>
      </object_component>
      <object_component id="oc-93a">
         <name>.debug_info</name>
         <load_address>0x3094</load_address>
         <run_address>0x3094</run_address>
         <size>0x12b</size>
         <input_file_ref idref="fl-3"/>
      </object_component>
      <object_component id="oc-9c0">
         <name>.debug_info</name>
         <load_address>0x31bf</load_address>
         <run_address>0x31bf</run_address>
         <size>0x119</size>
         <input_file_ref idref="fl-3"/>
      </object_component>
      <object_component id="oc-92b">
         <name>.debug_info</name>
         <load_address>0x32d8</load_address>
         <run_address>0x32d8</run_address>
         <size>0x2f0</size>
         <input_file_ref idref="fl-3"/>
      </object_component>
      <object_component id="oc-87d">
         <name>.debug_info</name>
         <load_address>0x35c8</load_address>
         <run_address>0x35c8</run_address>
         <size>0x21d</size>
         <input_file_ref idref="fl-3"/>
      </object_component>
      <object_component id="oc-7fb">
         <name>.debug_info</name>
         <load_address>0x37e5</load_address>
         <run_address>0x37e5</run_address>
         <size>0x28f</size>
         <input_file_ref idref="fl-5"/>
      </object_component>
      <object_component id="oc-7f8">
         <name>.debug_info</name>
         <load_address>0x3a74</load_address>
         <run_address>0x3a74</run_address>
         <size>0x1f1</size>
         <input_file_ref idref="fl-5"/>
      </object_component>
      <object_component id="oc-a26">
         <name>.debug_info</name>
         <load_address>0x3c65</load_address>
         <run_address>0x3c65</run_address>
         <size>0x11d</size>
         <input_file_ref idref="fl-5"/>
      </object_component>
      <object_component id="oc-9a6">
         <name>.debug_info</name>
         <load_address>0x3d82</load_address>
         <run_address>0x3d82</run_address>
         <size>0x15a</size>
         <input_file_ref idref="fl-5"/>
      </object_component>
      <object_component id="oc-933">
         <name>.debug_info</name>
         <load_address>0x3edc</load_address>
         <run_address>0x3edc</run_address>
         <size>0x119</size>
         <input_file_ref idref="fl-5"/>
      </object_component>
      <object_component id="oc-792">
         <name>.debug_info</name>
         <load_address>0x3ff5</load_address>
         <run_address>0x3ff5</run_address>
         <size>0xf8</size>
         <input_file_ref idref="fl-5"/>
      </object_component>
      <object_component id="oc-799">
[...]
         <value>0xffd6</value>
         <object_component_ref idref="oc-9f"/>
      </symbol>
      <symbol id="sm-99f">
         <name>__TI_int36</name>
         <value>0xffd8</value>
         <object_component_ref idref="oc-a0"/>
      </symbol>
      <symbol id="sm-9a2">
         <name>__TI_int37</name>
         <value>0xffda</value>
         <object_component_ref idref="oc-a1"/>
      </symbol>
      <symbol id="sm-9a5">
         <name>__TI_int38</name>
         <value>0xffdc</value>
         <object_component_ref idref="oc-a2"/>
      </symbol>
      <symbol id="sm-9a8">
         <name>__TI_int39</name>
         <value>0xffde</value>
         <object_component_ref idref="oc-a3"/>
      </symbol>
      <symbol id="sm-9ab">
         <name>__TI_int40</name>
         <value>0xffe0</value>
         <object_component_ref idref="oc-a4"/>
      </symbol>
      <symbol id="sm-9ae">
         <name>__TI_int42</name>
         <value>0xffe4</value>
         <object_component_ref idref="oc-a6"/>
      </symbol>
      <symbol id="sm-9b1">
         <name>__TI_int43</name>
         <value>0xffe6</value>
         <object_component_ref idref="oc-a7"/>
      </symbol>
      <symbol id="sm-9b4">
         <name>__TI_int44</name>
         <value>0xffe8</value>
         <object_component_ref idref="oc-a8"/>
      </symbol>
      <symbol id="sm-9b7">
         <name>__TI_int46</name>
         <value>0xffec</value>
         <object_component_ref idref="oc-aa"/>
      </symbol>
      <symbol id="sm-9ba">
         <name>__TI_int47</name>
         <value>0xffee</value>
         <object_component_ref idref="oc-ab"/>
      </symbol>
      <symbol id="sm-9bd">
         <name>__TI_int48</name>
         <value>0xfff0</value>
         <object_component_ref idref="oc-ac"/>
      </symbol>
      <symbol id="sm-9c0">
         <name>__TI_int50</name>
         <value>0xfff4</value>
         <object_component_ref idref="oc-ae"/>
      </symbol>
      <symbol id="sm-9c3">
         <name>__TI_int51</name>
         <value>0xfff6</value>
         <object_component_ref idref="oc-af"/>
      </symbol>
      <symbol id="sm-9c6">
         <name>__TI_int52</name>
         <value>0xfff8</value>
         <object_component_ref idref="oc-b0"/>
      </symbol>
      <symbol id="sm-9c9">
         <name>__TI_int53</name>
         <value>0xfffa</value>
         <object_component_ref idref="oc-b1"/>
      </symbol>
      <symbol id="sm-9cc">
         <name>__TI_int54</name>
         <value>0xfffc</value>
         <object_component_ref idref="oc-b2"/>
      </symbol>
      <symbol id="sm-9df">
         <name>__TI_zero_init_nomemset</name>
         <value>0x14434</value>
         <object_component_ref idref="oc-7a9"/>
      </symbol>
      <symbol id="sm-9ef">
         <name>__mspabi_cmpf</name>
         <value>0x13f9e</value>
         <object_component_ref idref="oc-aa0"/>
      </symbol>
      <symbol id="sm-a02">
         <name>__mspabi_cvtfd</name>
         <value>0x13cca</value>
         <object_component_ref idref="oc-995"/>
      </symbol>
      <symbol id="sm-a0e">
         <name>__mspabi_remi</name>
         <value>0x1436e</value>
         <object_component_ref idref="oc-98f"/>
      </symbol>
      <symbol id="sm-a0f">
         <name>__mspabi_divi</name>
         <value>0x1436e</value>
         <object_component_ref idref="oc-98f"/>
      </symbol>
      <symbol id="sm-a19">
         <name>__mspabi_remu</name>
         <value>0x1459a</value>
         <object_component_ref idref="oc-a12"/>
      </symbol>
      <symbol id="sm-a1a">
         <name>__mspabi_divu</name>
         <value>0x1459a</value>
         <object_component_ref idref="oc-a12"/>
      </symbol>
      <symbol id="sm-a2c">
         <name>__mspabi_fixfi</name>
         <value>0x13bfc</value>
         <object_component_ref idref="oc-a9b"/>
      </symbol>
      <symbol id="sm-a34">
         <name>__mspabi_mpyi_f5hw</name>
         <value>0x1456c</value>
         <object_component_ref idref="oc-9eb"/>
      </symbol>
      <symbol id="sm-a3c">
         <name>__mspabi_mpyl_f5hw</name>
         <value>0x1447c</value>
         <object_component_ref idref="oc-c50"/>
      </symbol>
      <symbol id="sm-a44">
         <name>__mspabi_mpyll_f5hw</name>
         <value>0x13df2</value>
         <object_component_ref idref="oc-c43"/>
      </symbol>
      <symbol id="sm-a4d">
         <name>__mspabi_mpyull_f5hw</name>
         <value>0x14342</value>
         <object_component_ref idref="oc-c48"/>
      </symbol>
      <symbol id="sm-a55">
         <name>__mspabi_slll_9</name>
         <value>0x1413e</value>
         <object_component_ref idref="oc-a95"/>
      </symbol>
      <symbol id="sm-a56">
         <name>__mspabi_slll_8</name>
         <value>0x14142</value>
         <object_component_ref idref="oc-a95"/>
      </symbol>
      <symbol id="sm-a57">
         <name>__mspabi_slll_7</name>
         <value>0x14146</value>
         <object_component_ref idref="oc-a95"/>
      </symbol>
      <symbol id="sm-a58">
         <name>__mspabi_slll_6</name>
         <value>0x1414a</value>
         <object_component_ref idref="oc-a95"/>
      </symbol>
      <symbol id="sm-a59">
         <name>__mspabi_slll_5</name>
         <value>0x1414e</value>
         <object_component_ref idref="oc-a95"/>
      </symbol>
      <symbol id="sm-a5a">
         <name>__mspabi_slll_4</name>
         <value>0x14152</value>
         <object_component_ref idref="oc-a95"/>
      </symbol>
      <symbol id="sm-a5b">
         <name>__mspabi_slll_3</name>
         <value>0x14156</value>
         <object_component_ref idref="oc-a95"/>
      </symbol>
      <symbol id="sm-a5c">
         <name>__mspabi_slll_2</name>
         <value>0x1415a</value>
         <object_component_ref idref="oc-a95"/>
      </symbol>
      <symbol id="sm-a5d">
         <name>__mspabi_slll_1</name>
         <value>0x1415e</value>
         <object_component_ref idref="oc-a95"/>
      </symbol>
      <symbol id="sm-a5e">
         <name>__mspabi_slll_15</name>
         <value>0x14126</value>
         <object_component_ref idref="oc-a95"/>
      </symbol>
      <symbol id="sm-a5f">
         <name>__mspabi_slll_14</name>
         <value>0x1412a</value>
         <object_component_ref idref="oc-a95"/>
      </symbol>
      <symbol id="sm-a60">
         <name>__mspabi_slll_13</name>
         <value>0x1412e</value>
         <object_component_ref idref="oc-a95"/>
      </symbol>
      <symbol id="sm-a61">
         <name>__mspabi_slll_12</name>
         <value>0x14132</value>
         <object_component_ref idref="oc-a95"/>
      </symbol>
      <symbol id="sm-a62">
         <name>__mspabi_slll_11</name>
         <value>0x14136</value>
         <object_component_ref idref="oc-a95"/>
      </symbol>
      <symbol id="sm-a63">
         <name>__mspabi_slll_10</name>
         <value>0x1413a</value>
         <object_component_ref idref="oc-a95"/>
      </symbol>
      <symbol id="sm-a6b">
         <name>__mspabi_sral_15</name>
         <value>0x140e8</value>
         <object_component_ref idref="oc-a18"/>
      </symbol>
      <symbol id="sm-a6c">
         <name>__mspabi_sral_14</name>
         <value>0x140ec</value>
         <object_component_ref idref="oc-a18"/>
      </symbol>
      <symbol id="sm-a6d">
         <name>__mspabi_sral_13</name>
         <value>0x140f0</value>
         <object_component_ref idref="oc-a18"/>
      </symbol>
      <symbol id="sm-a6e">
         <name>__mspabi_sral_12</name>
         <value>0x140f4</value>
         <object_component_ref idref="oc-a18"/>
      </symbol>
      <symbol id="sm-a6f">
         <name>__mspabi_sral_11</name>
         <value>0x140f8</value>
         <object_component_ref idref="oc-a18"/>
      </symbol>
      <symbol id="sm-a70">
         <name>__mspabi_sral_10</name>
         <value>0x140fc</value>
         <object_component_ref idref="oc-a18"/>
      </symbol>
      <symbol id="sm-a71">
         <name>__mspabi_sral_8</name>
         <value>0x14104</value>
         <object_component_ref idref="oc-a18"/>
      </symbol>
      <symbol id="sm-a72">
         <name>__mspabi_sral_9</name>
         <value>0x14100</value>
         <object_component_ref idref="oc-a18"/>
      </symbol>
      <symbol id="sm-a73">
         <name>__mspabi_sral_6</name>
         <value>0x1410c</value>
         <object_component_ref idref="oc-a18"/>
      </symbol>
      <symbol id="sm-a74">
         <name>__mspabi_sral_7</name>
         <value>0x14108</value>
         <object_component_ref idref="oc-a18"/>
      </symbol>
      <symbol id="sm-a75">
         <name>__mspabi_sral_4</name>
         <value>0x14114</value>
         <object_component_ref idref="oc-a18"/>
      </symbol>
      <symbol id="sm-a76">
         <name>__mspabi_sral_5</name>
         <value>0x14110</value>
         <object_component_ref idref="oc-a18"/>
      </symbol>
      <symbol id="sm-a77">
         <name>__mspabi_sral_2</name>
         <value>0x1411c</value>
         <object_component_ref idref="oc-a18"/>
      </symbol>
      <symbol id="sm-a78">
         <name>__mspabi_sral_3</name>
         <value>0x14118</value>
         <object_component_ref idref="oc-a18"/>
      </symbol>
      <symbol id="sm-a79">
         <name>__mspabi_sral_1</name>
         <value>0x14120</value>
         <object_component_ref idref="oc-a18"/>
      </symbol>
      <symbol id="sm-a89">
         <name>__mspabi_srll_8</name>
         <value>0x14180</value>
         <object_component_ref idref="oc-c33"/>
      </symbol>
      <symbol id="sm-a8a">
         <name>__mspabi_srll_9</name>
         <value>0x1417c</value>
         <object_component_ref idref="oc-c33"/>
      </symbol>
      <symbol id="sm-a8b">
         <name>__mspabi_srll_6</name>
         <value>0x14188</value>
         <object_component_ref idref="oc-c33"/>
      </symbol>
      <symbol id="sm-a8c">
         <name>__mspabi_srll_7</name>
         <value>0x14184</value>
         <object_component_ref idref="oc-c33"/>
      </symbol>
      <symbol id="sm-a8d">
         <name>__mspabi_srll_4</name>
         <value>0x14190</value>
         <object_component_ref idref="oc-c33"/>
      </symbol>
      <symbol id="sm-a8e">
         <name>__mspabi_srll_5</name>
         <value>0x1418c</value>
         <object_component_ref idref="oc-c33"/>
      </symbol>
      <symbol id="sm-a8f">
         <name>__mspabi_srll_2</name>
         <value>0x14198</value>
         <object_component_ref idref="oc-c33"/>
      </symbol>
      <symbol id="sm-a90">
         <name>__mspabi_srll_3</name>
         <value>0x14194</value>
         <object_component_ref idref="oc-c33"/>
      </symbol>
      <symbol id="sm-a91">
         <name>__mspabi_srll_1</name>
         <value>0x1419c</value>
         <object_component_ref idref="oc-c33"/>
      </symbol>
      <symbol id="sm-a92">
         <name>__mspabi_srll_15</name>
         <value>0x14164</value>
         <object_component_ref idref="oc-c33"/>
      </symbol>
      <symbol id="sm-a93">
         <name>__mspabi_srll_14</name>
         <value>0x14168</value>
         <object_component_ref idref="oc-c33"/>
      </symbol>
      <symbol id="sm-a94">
         <name>__mspabi_srll_13</name>
         <value>0x1416c</value>
         <object_component_ref idref="oc-c33"/>
      </symbol>
      <symbol id="sm-a95">
         <name>__mspabi_srll_12</name>
         <value>0x14170</value>
         <object_component_ref idref="oc-c33"/>
      </symbol>
      <symbol id="sm-a96">
         <name>__mspabi_srll_11</name>
         <value>0x14174</value>
         <object_component_ref idref="oc-c33"/>
      </symbol>
      <symbol id="sm-a97">
         <name>__mspabi_srll_10</name>
         <value>0x14178</value>
         <object_component_ref idref="oc-c33"/>
      </symbol>
      <symbol id="sm-a98">
         <name>__mspabi_srll</name>
         <value>0x14636</value>
         <object_component_ref idref="oc-bc9"/>
      </symbol>
      <symbol id="sm-aa5">
         <name>__mspabi_srlll</name>
         <value>0x14218</value>
         <object_component_ref idref="oc-b69"/>
      </symbol>
      <symbol id="sm-ab5">
         <name>_c_int00_noargs_mpu</name>
         <value>0x6084</value>
         <object_component_ref idref="oc-7d3"/>
      </symbol>
      <symbol id="sm-ab6">
         <name>_stack</name>
         <value>0x2b60</value>
         <object_component_ref idref="oc-770"/>
      </symbol>
      <symbol id="sm-ab7">
         <name>_reset_vector</name>
         <value>0xfffe</value>
         <object_component_ref idref="oc-773"/>
      </symbol>
      <symbol id="sm-ac0">
         <name>__mpu_init</name>
         <value>0x14316</value>
         <object_component_ref idref="oc-82f"/>
      </symbol>
      <symbol id="sm-ae4">
         <name>__TI_auto_init_nobinit_nopinit_hold_wdt</name>
         <value>0x13efc</value>
         <object_component_ref idref="oc-8a7"/>
      </symbol>
      <symbol id="sm-aed">
         <name>_system_post_cinit</name>
         <value>0x146ba</value>
         <object_component_ref idref="oc-952"/>
      </symbol>
      <symbol id="sm-af6">
         <name>_system_pre_init</name>
         <value>0x146b6</value>
         <object_component_ref idref="oc-817"/>
      </symbol>
      <symbol id="sm-b07">
         <name>C$$EXIT</name>
         <value>0x146b0</value>
         <object_component_ref idref="oc-883"/>
      </symbol>
      <symbol id="sm-b08">
         <name>abort</name>
         <value>0x146b0</value>
         <object_component_ref idref="oc-883"/>
      </symbol>
      <symbol id="sm-b18">
         <name>memcpy</name>
         <value>0x145da</value>
         <object_component_ref idref="oc-77f"/>
      </symbol>
      <symbol id="sm-b44">
         <name>snprintf</name>
         <value>0x13d90</value>
         <object_component_ref idref="oc-8e5"/>
      </symbol>
      <symbol id="sm-d13">
         <name>__TI_printfi</name>
         <value>0x10ee0</value>
         <object_component_ref idref="oc-a05"/>
      </symbol>
      <symbol id="sm-d22">
         <name>__TI_ltoa</name>
         <value>0x13a0e</value>
         <object_component_ref idref="oc-bda"/>
      </symbol>
      <symbol id="sm-d41">
         <name>__mspabi_cmpd</name>
         <value>0x13322</value>
         <object_component_ref idref="oc-b48"/>
      </symbol>
      <symbol id="sm-d62">
         <name>__mspabi_divd</name>
         <value>0x11d66</value>
         <object_component_ref idref="oc-ba2"/>
      </symbol>
      <symbol id="sm-d7d">
         <name>__TI_frcdivd</name>
         <value>0x1072a</value>
         <object_component_ref idref="oc-c05"/>
      </symbol>
      <symbol id="sm-d89">
         <name>__mspabi_remli</name>
         <value>0x1406a</value>
         <object_component_ref idref="oc-c2c"/>
      </symbol>
      <symbol id="sm-d8a">
         <name>__mspabi_divli</name>
         <value>0x1406a</value>
         <object_component_ref idref="oc-c2c"/>
      </symbol>
      <symbol id="sm-d98">
         <name>__mspabi_remul</name>
         <value>0x13e4e</value>
         <object_component_ref idref="oc-b64"/>
      </symbol>
      <symbol id="sm-d99">
         <name>__mspabi_divul</name>
         <value>0x13e4e</value>
         <object_component_ref idref="oc-b64"/>
      </symbol>
      <symbol id="sm-dcc">
         <name>__mspabi_divull</name>
         <value>0x10b92</value>
         <object_component_ref idref="oc-b5e"/>
      </symbol>
      <symbol id="sm-dd9">
         <name>__mspabi_fixdi</name>
         <value>0x143c2</value>
         <object_component_ref idref="oc-bec"/>
      </symbol>
      <symbol id="sm-de8">
         <name>__mspabi_fixdli</name>
         <value>0x13c64</value>
         <object_component_ref idref="oc-bd4"/>
      </symbol>
      <symbol id="sm-df1">
         <name>__mspabi_fltid</name>
         <value>0x1467e</value>
         <object_component_ref idref="oc-c20"/>
      </symbol>
      <symbol id="sm-e09">
         <name>__mspabi_fltlid</name>
         <value>0x1360e</value>
         <object_component_ref idref="oc-be0"/>
      </symbol>
      <symbol id="sm-e2e">
         <name>__mspabi_mpyd</name>
         <value>0x11186</value>
         <object_component_ref idref="oc-b9c"/>
      </symbol>
      <symbol id="sm-e39">
         <name>__TI_frcmpyd</name>
         <value>0x12a1a</value>
         <object_component_ref idref="oc-bfd"/>
      </symbol>
      <symbol id="sm-e46">
         <name>__mspabi_negd</name>
         <value>0x142ba</value>
         <object_component_ref idref="oc-b2a"/>
      </symbol>
      <symbol id="sm-e53">
         <name>__mspabi_sllll</name>
         <value>0x141de</value>
         <object_component_ref idref="oc-bc3"/>
      </symbol>
      <symbol id="sm-e5c">
         <name>__mspabi_subd</name>
         <value>0x14288</value>
         <object_component_ref idref="oc-be6"/>
      </symbol>
      <symbol id="sm-e96">
         <name>__mspabi_addd</name>
         <value>0x10000</value>
         <object_component_ref idref="oc-c3a"/>
      </symbol>
      <symbol id="sm-ea3">
         <name>__mspabi_srall</name>
         <value>0x1402a</value>
         <object_component_ref idref="oc-c71"/>
      </symbol>
      <symbol id="sm-ead">
         <name>abs</name>
         <value>0x14694</value>
         <object_component_ref idref="oc-bf3"/>
      </symbol>
      <symbol id="sm-ec0">
         <name>atoi</name>
         <value>0x13d2e</value>
         <object_component_ref idref="oc-ac4"/>
      </symbol>
      <symbol id="sm-eca">
         <name>_ctypes_</name>
         <value>0x63ac</value>
         <object_component_ref idref="oc-afc"/>
      </symbol>
      <symbol id="sm-ed1">
         <name>errno</name>
         <value>0x1e64</value>
         <object_component_ref idref="oc-ad9"/>
      </symbol>
      <symbol id="sm-eed">
         <name>frexpl</name>
         <value>0x13568</value>
         <object_component_ref idref="oc-ba9"/>
      </symbol>
      <symbol id="sm-eee">
         <name>frexp</name>
         <value>0x13568</value>
         <object_component_ref idref="oc-ba9"/>
      </symbol>
      <symbol id="sm-f07">
         <name>scalbn</name>
         <value>0x12b7e</value>
         <object_component_ref idref="oc-c14"/>
      </symbol>
      <symbol id="sm-f08">
         <name>scalbnl</name>
         <value>0x12b7e</value>
         <object_component_ref idref="oc-c14"/>
      </symbol>
      <symbol id="sm-f09">
         <name>ldexpl</name>
         <value>0x12b7e</value>
         <object_component_ref idref="oc-c14"/>
      </symbol>
      <symbol id="sm-f0a">
         <name>ldexp</name>
         <value>0x12b7e</value>
         <object_component_ref idref="oc-c14"/>
      </symbol>
      <symbol id="sm-f13">
         <name>copysign</name>
         <value>0x142e8</value>
         <object_component_ref idref="oc-c60"/>
      </symbol>
      <symbol id="sm-f14">
         <name>copysignl</name>
         <value>0x142e8</value>
         <object_component_ref idref="oc-c60"/>
      </symbol>
      <symbol id="sm-f23">
         <name>memccpy</name>
         <value>0x143ea</value>
         <object_component_ref idref="oc-ab5"/>
      </symbol>
      <symbol id="sm-f31">
         <name>memset</name>
         <value>0x14584</value>
         <object_component_ref idref="oc-aa8"/>
      </symbol>
      <symbol id="sm-f40">
         <name>strchr</name>
         <value>0x14502</value>
         <object_component_ref idref="oc-c1a"/>
      </symbol>
      <symbol id="sm-f4d">
         <name>strlen</name>
         <value>0x14670</value>
         <object_component_ref idref="oc-a47"/>
      </symbol>
      <symbol id="sm-f5a">
         <name>toupper</name>
         <value>0x14624</value>
         <object_component_ref idref="oc-b24"/>
      </symbol>
      <symbol id="sm-f72">
         <name>wcslen</name>
         <value>0x145b0</value>
         <object_component_ref idref="oc-ad3"/>
      </symbol>
   </symbol_table>
   <title>Link successful</title>
</link_info>
